Archive member included because of file (symbol)

/usr/local/pkg/sourcery-g++-lite-arm-eabi-2010.09.51-i686-1/arm-none-eabi/lib/thumb2/libc.a(lib_a-memset.o)
                              myproject.o (memset)
/usr/local/pkg/sourcery-g++-lite-arm-eabi-2010.09.51-i686-1/arm-none-eabi/lib/thumb2/libc.a(lib_a-qsort.o)
                              myproject.o (qsort)
/usr/local/pkg/sourcery-g++-lite-arm-eabi-2010.09.51-i686-1/arm-none-eabi/lib/thumb2/libc.a(lib_a-sprintf.o)
                              myproject.o (sprintf)
/usr/local/pkg/sourcery-g++-lite-arm-eabi-2010.09.51-i686-1/arm-none-eabi/lib/thumb2/libc.a(lib_a-strlen.o)
                              mylpclib.o (strlen)
/usr/local/pkg/sourcery-g++-lite-arm-eabi-2010.09.51-i686-1/arm-none-eabi/lib/thumb2/libc.a(lib_a-svfprintf.o)
                              /usr/local/pkg/sourcery-g++-lite-arm-eabi-2010.09.51-i686-1/arm-none-eabi/lib/thumb2/libc.a(lib_a-sprintf.o) (_svfprintf_r)
/usr/local/pkg/sourcery-g++-lite-arm-eabi-2010.09.51-i686-1/arm-none-eabi/lib/thumb2/libc.a(lib_a-dtoa.o)
                              /usr/local/pkg/sourcery-g++-lite-arm-eabi-2010.09.51-i686-1/arm-none-eabi/lib/thumb2/libc.a(lib_a-svfprintf.o) (_dtoa_r)
/usr/local/pkg/sourcery-g++-lite-arm-eabi-2010.09.51-i686-1/arm-none-eabi/lib/thumb2/libc.a(lib_a-impure.o)
                              /usr/local/pkg/sourcery-g++-lite-arm-eabi-2010.09.51-i686-1/arm-none-eabi/lib/thumb2/libc.a(lib_a-sprintf.o) (_impure_ptr)
/usr/local/pkg/sourcery-g++-lite-arm-eabi-2010.09.51-i686-1/arm-none-eabi/lib/thumb2/libc.a(lib_a-locale.o)
                              /usr/local/pkg/sourcery-g++-lite-arm-eabi-2010.09.51-i686-1/arm-none-eabi/lib/thumb2/libc.a(lib_a-svfprintf.o) (_localeconv_r)
/usr/local/pkg/sourcery-g++-lite-arm-eabi-2010.09.51-i686-1/arm-none-eabi/lib/thumb2/libc.a(lib_a-malloc.o)
                              /usr/local/pkg/sourcery-g++-lite-arm-eabi-2010.09.51-i686-1/arm-none-eabi/lib/thumb2/libc.a(lib_a-dtoa.o) (malloc)
/usr/local/pkg/sourcery-g++-lite-arm-eabi-2010.09.51-i686-1/arm-none-eabi/lib/thumb2/libc.a(lib_a-mallocr.o)
                              /usr/local/pkg/sourcery-g++-lite-arm-eabi-2010.09.51-i686-1/arm-none-eabi/lib/thumb2/libc.a(lib_a-svfprintf.o) (_malloc_r)
/usr/local/pkg/sourcery-g++-lite-arm-eabi-2010.09.51-i686-1/arm-none-eabi/lib/thumb2/libc.a(lib_a-memchr.o)
                              /usr/local/pkg/sourcery-g++-lite-arm-eabi-2010.09.51-i686-1/arm-none-eabi/lib/thumb2/libc.a(lib_a-svfprintf.o) (memchr)
/usr/local/pkg/sourcery-g++-lite-arm-eabi-2010.09.51-i686-1/arm-none-eabi/lib/thumb2/libc.a(lib_a-memcpy.o)
                              /usr/local/pkg/sourcery-g++-lite-arm-eabi-2010.09.51-i686-1/arm-none-eabi/lib/thumb2/libc.a(lib_a-dtoa.o) (memcpy)
/usr/local/pkg/sourcery-g++-lite-arm-eabi-2010.09.51-i686-1/arm-none-eabi/lib/thumb2/libc.a(lib_a-mlock.o)
                              /usr/local/pkg/sourcery-g++-lite-arm-eabi-2010.09.51-i686-1/arm-none-eabi/lib/thumb2/libc.a(lib_a-mallocr.o) (__malloc_lock)
/usr/local/pkg/sourcery-g++-lite-arm-eabi-2010.09.51-i686-1/arm-none-eabi/lib/thumb2/libc.a(lib_a-mprec.o)
                              /usr/local/pkg/sourcery-g++-lite-arm-eabi-2010.09.51-i686-1/arm-none-eabi/lib/thumb2/libc.a(lib_a-dtoa.o) (_Balloc)
/usr/local/pkg/sourcery-g++-lite-arm-eabi-2010.09.51-i686-1/arm-none-eabi/lib/thumb2/libc.a(lib_a-s_fpclassify.o)
                              /usr/local/pkg/sourcery-g++-lite-arm-eabi-2010.09.51-i686-1/arm-none-eabi/lib/thumb2/libc.a(lib_a-svfprintf.o) (__fpclassifyd)
/usr/local/pkg/sourcery-g++-lite-arm-eabi-2010.09.51-i686-1/arm-none-eabi/lib/thumb2/libc.a(lib_a-sbrkr.o)
                              /usr/local/pkg/sourcery-g++-lite-arm-eabi-2010.09.51-i686-1/arm-none-eabi/lib/thumb2/libc.a(lib_a-mallocr.o) (_sbrk_r)
/usr/local/pkg/sourcery-g++-lite-arm-eabi-2010.09.51-i686-1/arm-none-eabi/lib/thumb2/libc.a(lib_a-strcmp.o)
                              /usr/local/pkg/sourcery-g++-lite-arm-eabi-2010.09.51-i686-1/arm-none-eabi/lib/thumb2/libc.a(lib_a-locale.o) (strcmp)
/usr/local/pkg/sourcery-g++-lite-arm-eabi-2010.09.51-i686-1/arm-none-eabi/lib/thumb2/libc.a(lib_a-svfiprintf.o)
                              /usr/local/pkg/sourcery-g++-lite-arm-eabi-2010.09.51-i686-1/arm-none-eabi/lib/thumb2/libc.a(lib_a-svfprintf.o) (__ssprint_r)
/usr/local/pkg/sourcery-g++-lite-arm-eabi-2010.09.51-i686-1/arm-none-eabi/lib/thumb2/libc.a(lib_a-callocr.o)
                              /usr/local/pkg/sourcery-g++-lite-arm-eabi-2010.09.51-i686-1/arm-none-eabi/lib/thumb2/libc.a(lib_a-mprec.o) (_calloc_r)
/usr/local/pkg/sourcery-g++-lite-arm-eabi-2010.09.51-i686-1/arm-none-eabi/lib/thumb2/libc.a(lib_a-freer.o)
                              /usr/local/pkg/sourcery-g++-lite-arm-eabi-2010.09.51-i686-1/arm-none-eabi/lib/thumb2/libc.a(lib_a-malloc.o) (_free_r)
/usr/local/pkg/sourcery-g++-lite-arm-eabi-2010.09.51-i686-1/arm-none-eabi/lib/thumb2/libc.a(lib_a-memmove.o)
[...]
Memory Configuration

Name             Origin             Length             Attributes
rom              0x00000000         0x00080000         xr
ram              0x10000000         0x00008000         xrw
ram1             0x2007c000         0x00004000         xrw
ram2             0x20080000         0x00004000         xrw
*default*        0x00000000         0xffffffff

Linker script and memory map

LOAD /opt/york/cs/net/sourcery-g++-lite-arm-eabi-2010.09.51-i686-1/bin/../lib/gcc/arm-none-eabi/4.5.1/thumb2/crti.o
LOAD /opt/york/cs/net/sourcery-g++-lite-arm-eabi-2010.09.51-i686-1/bin/../lib/gcc/arm-none-eabi/4.5.1/thumb2/crtbegin.o
LOAD myproject.o
LOAD mylpclib.o
LOAD /usr/local/pkg/lpc1700-cmsis-lite-2011.01.26-i686-1/lib/core_cm3.o
LOAD /usr/local/pkg/lpc1700-cmsis-lite-2011.01.26-i686-1/lib/system_LPC17xx.o
LOAD /usr/local/pkg/lpc1700-cmsis-lite-2011.01.26-i686-1/lib/startup_LPC17xx.o
START GROUP
LOAD /usr/local/pkg/sourcery-g++-lite-arm-eabi-2010.09.51-i686-1/arm-none-eabi/lib/thumb2/libc.a
LOAD /usr/local/pkg/sourcery-g++-lite-arm-eabi-2010.09.51-i686-1/arm-none-eabi/lib/thumb2/libg.a
LOAD /usr/local/pkg/sourcery-g++-lite-arm-eabi-2010.09.51-i686-1/arm-none-eabi/lib/thumb2/libstdc++.a
LOAD /usr/local/pkg/sourcery-g++-lite-arm-eabi-2010.09.51-i686-1/arm-none-eabi/lib/thumb2/libsupc++.a
LOAD /opt/york/cs/net/sourcery-g++-lite-arm-eabi-2010.09.51-i686-1/bin/../lib/gcc/arm-none-eabi/4.5.1/thumb2/libgcc.a
LOAD /usr/local/pkg/sourcery-g++-lite-arm-eabi-2010.09.51-i686-1/arm-none-eabi/lib/thumb2/libm.a
END GROUP
START GROUP
LOAD /opt/york/cs/net/sourcery-g++-lite-arm-eabi-2010.09.51-i686-1/bin/../lib/gcc/arm-none-eabi/4.5.1/thumb2/libgcc.a
LOAD /usr/local/pkg/sourcery-g++-lite-arm-eabi-2010.09.51-i686-1/arm-none-eabi/lib/thumb2/libc.a
LOAD /usr/local/pkg/sourcery-g++-lite-arm-eabi-2010.09.51-i686-1/arm-none-eabi/lib/thumb2/libcs3.a
LOAD /usr/local/pkg/sourcery-g++-lite-arm-eabi-2010.09.51-i686-1/arm-none-eabi/lib/thumb2/libcs3unhosted.a
LOAD /usr/local/pkg/sourcery-g++-lite-arm-eabi-2010.09.51-i686-1/arm-none-eabi/lib/thumb2/libcs3micro.a
END GROUP
                0x10008000                PROVIDE (__cs3_stack, (__cs3_region_start_ram + __cs3_region_size_ram))
                0x000074f8                PROVIDE (__cs3_stack_size, ((__cs3_region_start_ram + __cs3_region_size_ram) - _end))
                0x10000b08                PROVIDE (__cs3_heap_start, _end)
                0x10008000                PROVIDE (__cs3_heap_end, (__cs3_region_start_ram + __cs3_region_size_ram))

.text           0x00000000    0x1201c
 CREATE_OBJECT_SYMBOLS
                0x00000000                __cs3_region_start_rom = .
 *(.cs3.region-head.rom)
                0x00000000                __cs3_interrupt_vector = __cs3_interrupt_vector_cortex_m
 *(.cs3.interrupt_vector)
 .cs3.interrupt_vector
                0x00000000       0xcc /usr/local/pkg/lpc1700-cmsis-lite-2011.01.26-i686-1/lib/startup_LPC17xx.o
                0x00000000                __cs3_interrupt_vector_cortex_m
                0x00000001                ASSERT ((. != __cs3_interrupt_vector_cortex_m), No interrupt vector)
 *(.rom)
 *(.rom.b)
                0x000000cc                __cs3_reset = __cs3_reset_cortex_m
 *(.cs3.reset)
 .cs3.reset     0x000000cc       0x10 /usr/local/pkg/lpc1700-cmsis-lite-2011.01.26-i686-1/lib/startup_LPC17xx.o
                0x000000cc                __cs3_reset_cortex_m
                0x00000001                ASSERT ((. != __cs3_reset), No reset code)
 *(.text .text.* .gnu.linkonce.t.*)
 .text          0x000000dc        0x0 /opt/york/cs/net/sourcery-g++-lite-arm-eabi-2010.09.51-i686-1/bin/../lib/gcc/arm-none-eabi/4.5.1/thumb2/crti.o
 .text          0x000000dc       0x30 /opt/york/cs/net/sourcery-g++-lite-arm-eabi-2010.09.51-i686-1/bin/../lib/gcc/arm-none-eabi/4.5.1/thumb2/crtbegin.o
 .text          0x0000010c        0x0 myproject.o
 *fill*         0x0000010c        0x4 00
 .text.whereIsObject
                0x00000110      0x248 myproject.o
                0x00000110                whereIsObject
 .text.avg      0x00000358       0x94 myproject.o
                0x00000358                avg
 .text.avgPos   0x000003ec       0x9c myproject.o
                0x000003ec                avgPos
 .text.getEdge  0x00000488       0x4c myproject.o
                0x00000488                getEdge
 .text.degrees_to_servo_dist
                0x000004d4       0x40 myproject.o
                0x000004d4                degrees_to_servo_dist
 .text.calibrateSensors
                0x00000514      0x158 myproject.o
                0x00000514                calibrateSensors
 .text.mySetServo
                0x0000066c       0xd0 myproject.o
                0x0000066c                mySetServo
 .text.servoMove
                0x0000073c       0x5c myproject.o
                0x0000073c                servoMove
 .text.myTurnServo
                0x00000798       0x24 myproject.o
                0x00000798                myTurnServo
 .text.myTurnServoMove
                0x000007bc       0x24 myproject.o
                0x000007bc                myTurnServoMove
 .text.printSweep
                0x000007e0      0x114 myproject.o
                0x000007e0                printSweep
 .text.timerStart
                0x000008f4       0x20 myproject.o
                0x000008f4                timerStart
 .text.timerEnd
                0x00000914       0x24 myproject.o
                0x00000914                timerEnd
 .text.timerEndPrint
                0x00000938       0x94 myproject.o
                0x00000938                timerEndPrint
 .text.recenter
                0x000009cc       0xe4 myproject.o
                0x000009cc                recenter
 .text.tempTest
                0x00000ab0      0x2c8 myproject.o
                0x00000ab0                tempTest
 .text.irMedian_
                0x00000d78      0x170 myproject.o
                0x00000d78                irMedian_
 .text.irMedianRawTimed
                0x00000ee8      0x120 myproject.o
                0x00000ee8                irMedianRawTimed
 .text.debugPrintNum
                0x00001008       0x68 myproject.o
                0x00001008                debugPrintNum
 .text.track    0x00001070      0x3e8 myproject.o
                0x00001070                track
 .text.main     0x00001458       0x58 myproject.o
                0x00001458                main
 .text          0x000014b0        0x0 mylpclib.o
 .text.NVIC_EnableIRQ
                0x000014b0       0x38 mylpclib.o
 .text.NVIC_DisableIRQ
                0x000014e8       0x3c mylpclib.o
 .text.NVIC_SetPriority
                0x00001524       0x5c mylpclib.o
 .text.SysTick_Config
                0x00001580       0x64 mylpclib.o
 .text.initServo
                0x000015e4       0x34 mylpclib.o
                0x000015e4                initServo
 .text.setServo
                0x00001618       0x84 mylpclib.o
                0x00001618                setServo
 .text.turnServo
                0x0000169c       0x38 mylpclib.o
                0x0000169c                turnServo
 .text.servoAtEdge
                0x000016d4       0x48 mylpclib.o
                0x000016d4                servoAtEdge
 .text.SetRawPWM
                0x0000171c       0x4c mylpclib.o
                0x0000171c                SetRawPWM
 .text.SetupPWM
                0x00001768      0x10c mylpclib.o
                0x00001768                SetupPWM
 .text.setupUART
                0x00001874       0x80 mylpclib.o
                0x00001874                setupUART
 .text.setupI2C1
                0x000018f4       0x7c mylpclib.o
                0x000018f4                setupI2C1
 .text.sendToI2C1
                0x00001970       0xac mylpclib.o
                0x00001970                sendToI2C1
 .text.displayBits
                0x00001a1c       0xb4 mylpclib.o
                0x00001a1c                displayBits
 .text.killLED  0x00001ad0       0x5c mylpclib.o
                0x00001ad0                killLED
 .text.lightLED
                0x00001b2c       0x74 mylpclib.o
                0x00001b2c                lightLED
 .text.SysTick_Handler
                0x00001ba0       0x24 mylpclib.o
                0x00001ba0                SysTick_Handler
 .text.SystickTimer
                0x00001bc4       0x54 mylpclib.o
                0x00001bc4                SystickTimer
 .text.UART_SendMSG
                0x00001c18       0x2c mylpclib.o
                0x00001c18                UART_SendMSG
 .text.KeypadTest
                0x00001c44      0x154 mylpclib.o
                0x00001c44                KeypadTest
 .text.StartLCD
                0x00001d98       0x8c mylpclib.o
                0x00001d98                StartLCD
 .text.ClearLCD
                0x00001e24      0x13c mylpclib.o
                0x00001e24                ClearLCD
 .text.PrintToLCD
                0x00001f60      0x100 mylpclib.o
                0x00001f60                PrintToLCD
 .text.LCDShftLine
                0x00002060       0xa0 mylpclib.o
                0x00002060                LCDShftLine
 .text.CharToHex
                0x00002100       0x54 mylpclib.o
                0x00002100                CharToHex
 .text.I2CSniffer
                0x00002154       0xe8 mylpclib.o
                0x00002154                I2CSniffer
 .text.setupDAC
                0x0000223c       0x50 mylpclib.o
                0x0000223c                setupDAC
 .text.setupADC
                0x0000228c       0x68 mylpclib.o
                0x0000228c                setupADC
 .text.adcInput
                0x000022f4       0x2c mylpclib.o
                0x000022f4                adcInput
 .text.irDistance
                0x00002320      0x118 mylpclib.o
                0x00002320                irDistance
 .text.irDistanceRaw
                0x00002438      0x150 mylpclib.o
                0x00002438                irDistanceRaw
 .text.irDistanceValid
                0x00002588       0x3c mylpclib.o
                0x00002588                irDistanceValid
 .text.irTryDistanceValid
                0x000025c4       0x6c mylpclib.o
                0x000025c4                irTryDistanceValid
 .text.cmpfunc  0x00002630       0x78 mylpclib.o
                0x00002630                cmpfunc
 .text.irMedian
                0x000026a8       0x60 mylpclib.o
                0x000026a8                irMedian
 .text.irMedianRaw
                0x00002708       0x68 mylpclib.o
                0x00002708                irMedianRaw
 .text.irCalibrate
                0x00002770       0xc8 mylpclib.o
                0x00002770                irCalibrate
 .text.usCalibrate
                0x00002838       0x94 mylpclib.o
                0x00002838                usCalibrate
 .text.usString
                0x000028cc       0x78 mylpclib.o
                0x000028cc                usString
 .text.irString
                0x00002944       0x6c mylpclib.o
                0x00002944                irString
 .text.PrintLineToLCD
                0x000029b0       0x88 mylpclib.o
                0x000029b0                PrintLineToLCD
 .text.ActualLCDClear
                0x00002a38       0x78 mylpclib.o
                0x00002a38                ActualLCDClear
 .text.PrintToLCD2
                0x00002ab0       0x90 mylpclib.o
                0x00002ab0                PrintToLCD2
 .text.greetingtext
                0x00002b40       0xb0 mylpclib.o
                0x00002b40                greetingtext
 .text.functiontext
                0x00002bf0      0x318 mylpclib.o
                0x00002bf0                functiontext
 .text.parametertext
                0x00002f08      0x1f8 mylpclib.o
                0x00002f08                parametertext
 .text.scanMode
                0x00003100      0x174 mylpclib.o
                0x00003100                scanMode
 .text.sendUART
                0x00003274       0x28 mylpclib.o
                0x00003274                sendUART
 .text.startSweep
                0x0000329c       0xa0 mylpclib.o
                0x0000329c                startSweep
 .text.sendScanData
                0x0000333c       0x4c mylpclib.o
                0x0000333c                sendScanData
 .text.setupGPIO
                0x00003388       0x64 mylpclib.o
                0x00003388                setupGPIO
 .text.TIMER0_IRQHandler
                0x000033ec       0xd0 mylpclib.o
                0x000033ec                TIMER0_IRQHandler
 .text.Timer    0x000034bc       0xbc mylpclib.o
                0x000034bc                Timer
 .text.TimerCapture
                0x00003578       0xb4 mylpclib.o
                0x00003578                TimerCapture
 .text.usScan   0x0000362c       0x4c mylpclib.o
                0x0000362c                usScan
 .text.TIMER2_IRQHandler
                0x00003678       0xec mylpclib.o
                0x00003678                TIMER2_IRQHandler
 .text.getServoAngle
                0x00003764       0x40 mylpclib.o
                0x00003764                getServoAngle
 .text.getServo
                0x000037a4       0x18 mylpclib.o
                0x000037a4                getServo
 .text._averageSweep
                0x000037bc       0x84 mylpclib.o
                0x000037bc                _averageSweep
 .text          0x00003840        0x0 /usr/local/pkg/lpc1700-cmsis-lite-2011.01.26-i686-1/lib/core_cm3.o
 .text          0x00003840        0x0 /usr/local/pkg/lpc1700-cmsis-lite-2011.01.26-i686-1/lib/system_LPC17xx.o
 .text.SystemCoreClockUpdate
                0x00003840      0x228 /usr/local/pkg/lpc1700-cmsis-lite-2011.01.26-i686-1/lib/system_LPC17xx.o
                0x00003840                SystemCoreClockUpdate
 .text.SystemInit
                0x00003a68      0x240 /usr/local/pkg/lpc1700-cmsis-lite-2011.01.26-i686-1/lib/system_LPC17xx.o
                0x00003a68                SystemInit
 .text          0x00003ca8       0x14 /usr/local/pkg/lpc1700-cmsis-lite-2011.01.26-i686-1/lib/startup_LPC17xx.o
                0x00003ca8                NMI_Handler
                0x00003caa                HardFault_Handler
                0x00003cac                MemManage_Handler
                0x00003cae                BusFault_Handler
                0x00003cb0                UsageFault_Handler
                0x00003cb2                SVC_Handler
                0x00003cb4                DebugMon_Handler
                0x00003cb6                PendSV_Handler
                0x00003cba                RIT_IRQHandler
                0x00003cba                I2C0_IRQHandler
                0x00003cba                USBActivity_IRQHandler
                0x00003cba                PWM1_IRQHandler
                0x00003cba                I2C1_IRQHandler
                0x00003cba                EINT2_IRQHandler
                0x00003cba                UART1_IRQHandler
                0x00003cba                EINT3_IRQHandler
                0x00003cba                CANActivity_IRQHandler
                0x00003cba                TIMER3_IRQHandler
                0x00003cba                UART0_IRQHandler
                0x00003cba                PLL0_IRQHandler
                0x00003cba                CAN_IRQHandler
                0x00003cba                PLL1_IRQHandler
                0x00003cba                SSP0_IRQHandler
                0x00003cba                I2S_IRQHandler
                0x00003cba                I2C2_IRQHandler
                0x00003cba                RTC_IRQHandler
                0x00003cba                SPI_IRQHandler
                0x00003cba                EINT1_IRQHandler
                0x00003cba                TIMER1_IRQHandler
                0x00003cba                UART2_IRQHandler
                0x00003cba                Default_Handler
                0x00003cba                ADC_IRQHandler
                0x00003cba                SSP1_IRQHandler
                0x00003cba                USB_IRQHandler
                0x00003cba                BOD_IRQHandler
                0x00003cba                WDT_IRQHandler
                0x00003cba                QEI_IRQHandler
                0x00003cba                EINT0_IRQHandler
                0x00003cba                DMA_IRQHandler
                0x00003cba                UART3_IRQHandler
                0x00003cba                MCPWM_IRQHandler
                0x00003cba                ENET_IRQHandler
 .text          0x00003cbc       0xb4 /usr/local/pkg/sourcery-g++-lite-arm-eabi-2010.09.51-i686-1/arm-none-eabi/lib/thumb2/libc.a(lib_a-memset.o)
                0x00003cbc                memset
 .text          0x00003d70      0x5cc /usr/local/pkg/sourcery-g++-lite-arm-eabi-2010.09.51-i686-1/arm-none-eabi/lib/thumb2/libc.a(lib_a-qsort.o)
                0x00003d70                qsort
 .text          0x0000433c       0x94 /usr/local/pkg/sourcery-g++-lite-arm-eabi-2010.09.51-i686-1/arm-none-eabi/lib/thumb2/libc.a(lib_a-sprintf.o)
                0x0000433c                _sprintf_r
                0x00004380                sprintf
 .text          0x000043d0       0x60 /usr/local/pkg/sourcery-g++-lite-arm-eabi-2010.09.51-i686-1/arm-none-eabi/lib/thumb2/libc.a(lib_a-strlen.o)
                0x000043d0                strlen
 .text          0x00004430     0x1658 /usr/local/pkg/sourcery-g++-lite-arm-eabi-2010.09.51-i686-1/arm-none-eabi/lib/thumb2/libc.a(lib_a-svfprintf.o)
                0x00004430                _svfprintf_r
 .text          0x00005a88     0x1000 /usr/local/pkg/sourcery-g++-lite-arm-eabi-2010.09.51-i686-1/arm-none-eabi/lib/thumb2/libc.a(lib_a-dtoa.o)
                0x00005bb4                _dtoa_r
 .text          0x00006a88        0x0 /usr/local/pkg/sourcery-g++-lite-arm-eabi-2010.09.51-i686-1/arm-none-eabi/lib/thumb2/libc.a(lib_a-impure.o)
 .text          0x00006a88       0xa0 /usr/local/pkg/sourcery-g++-lite-arm-eabi-2010.09.51-i686-1/arm-none-eabi/lib/thumb2/libc.a(lib_a-locale.o)
                0x00006a88                _setlocale_r
                0x00006ae4                __locale_charset
                0x00006af0                __locale_mb_cur_max
                0x00006afc                __locale_msgcharset
                0x00006b04                __locale_cjk_lang
                0x00006b08                _localeconv_r
                0x00006b10                setlocale
                0x00006b20                localeconv
 .text          0x00006b28       0x20 /usr/local/pkg/sourcery-g++-lite-arm-eabi-2010.09.51-i686-1/arm-none-eabi/lib/thumb2/libc.a(lib_a-malloc.o)
                0x00006b28                malloc
                0x00006b38                free
 .text          0x00006b48      0x57c /usr/local/pkg/sourcery-g++-lite-arm-eabi-2010.09.51-i686-1/arm-none-eabi/lib/thumb2/libc.a(lib_a-mallocr.o)
                0x00006b48                _malloc_r
 .text          0x000070c4       0x88 /usr/local/pkg/sourcery-g++-lite-arm-eabi-2010.09.51-i686-1/arm-none-eabi/lib/thumb2/libc.a(lib_a-memchr.o)
                0x000070c4                memchr
 .text          0x0000714c      0x150 /usr/local/pkg/sourcery-g++-lite-arm-eabi-2010.09.51-i686-1/arm-none-eabi/lib/thumb2/libc.a(lib_a-memcpy.o)
                0x0000714c                memcpy
 .text          0x0000729c        0x8 /usr/local/pkg/sourcery-g++-lite-arm-eabi-2010.09.51-i686-1/arm-none-eabi/lib/thumb2/libc.a(lib_a-mlock.o)
                0x0000729c                __malloc_lock
                0x000072a0                __malloc_unlock
 .text          0x000072a4      0x920 /usr/local/pkg/sourcery-g++-lite-arm-eabi-2010.09.51-i686-1/arm-none-eabi/lib/thumb2/libc.a(lib_a-mprec.o)
                0x000072a4                _Balloc
                0x0000730c                _Bfree
                0x00007344                __multadd
                0x000073c8                __s2b
                0x0000745c                __hi0bits
                0x0000749c                __lo0bits
                0x00007500                __i2b
                0x00007514                __multiply
                0x0000763c                __pow5mult
                0x000076e0                __lshift
                0x0000778c                __mcmp
                0x000077c8                __mdiff
                0x000078c0                __ulp
                0x00007908                __b2d
                0x000079b4                __d2b
                0x00007a7c                __ratio
                0x00007aec                _mprec_log10
                0x00007b20                __copybits
                0x00007b68                __any_on
 .text          0x00007bc4       0x90 /usr/local/pkg/sourcery-g++-lite-arm-eabi-2010.09.51-i686-1/arm-none-eabi/lib/thumb2/libc.a(lib_a-s_fpclassify.o)
                0x00007bc4                __fpclassifyd
 .text          0x00007c54       0x28 /usr/local/pkg/sourcery-g++-lite-arm-eabi-2010.09.51-i686-1/arm-none-eabi/lib/thumb2/libc.a(lib_a-sbrkr.o)
                0x00007c54                _sbrk_r
 .text          0x00007c7c      0x1dc /usr/local/pkg/sourcery-g++-lite-arm-eabi-2010.09.51-i686-1/arm-none-eabi/lib/thumb2/libc.a(lib_a-strcmp.o)
                0x00007c7c                strcmp
 .text          0x00007e58      0xbe4 /usr/local/pkg/sourcery-g++-lite-arm-eabi-2010.09.51-i686-1/arm-none-eabi/lib/thumb2/libc.a(lib_a-svfiprintf.o)
                0x00007e58                __ssprint_r
                0x00007f60                _svfiprintf_r
 .text          0x00008a3c       0x5c /usr/local/pkg/sourcery-g++-lite-arm-eabi-2010.09.51-i686-1/arm-none-eabi/lib/thumb2/libc.a(lib_a-callocr.o)
                0x00008a3c                _calloc_r
 .text          0x00008a98      0x240 /usr/local/pkg/sourcery-g++-lite-arm-eabi-2010.09.51-i686-1/arm-none-eabi/lib/thumb2/libc.a(lib_a-freer.o)
                0x00008a98                _malloc_trim_r
                0x00008b40                _free_r
 .text          0x00008cd8       0xa0 /usr/local/pkg/sourcery-g++-lite-arm-eabi-2010.09.51-i686-1/arm-none-eabi/lib/thumb2/libc.a(lib_a-memmove.o)
                0x00008cd8                memmove
 .text          0x00008d78      0x41c /usr/local/pkg/sourcery-g++-lite-arm-eabi-2010.09.51-i686-1/arm-none-eabi/lib/thumb2/libc.a(lib_a-reallocr.o)
                0x00008d78                _realloc_r
 .text          0x00009194      0x114 /usr/local/pkg/sourcery-g++-lite-arm-eabi-2010.09.51-i686-1/arm-none-eabi/lib/thumb2/libc.a(lib_a-reent.o)
                0x00009194                cleanup_glue
                0x000091b0                _reclaim_reent
                0x00009270                _wrapup_reent
 .text          0x000092a8      0x278 /opt/york/cs/net/sourcery-g++-lite-arm-eabi-2010.09.51-i686-1/bin/../lib/gcc/arm-none-eabi/4.5.1/thumb2/libgcc.a(_udivsi3.o)
                0x000092a8                __udivsi3
                0x000092a8                __aeabi_uidiv
                0x00009504                __aeabi_uidivmod
 .text          0x00009520        0x4 /opt/york/cs/net/sourcery-g++-lite-arm-eabi-2010.09.51-i686-1/bin/../lib/gcc/arm-none-eabi/4.5.1/thumb2/libgcc.a(_dvmd_tls.o)
                0x00009520                __aeabi_ldiv0
                0x00009520                __aeabi_idiv0
 .text          0x00009524      0x370 /opt/york/cs/net/sourcery-g++-lite-arm-eabi-2010.09.51-i686-1/bin/../lib/gcc/arm-none-eabi/4.5.1/thumb2/libgcc.a(_arm_addsubdf3.o)
                0x00009524                __aeabi_drsub
                0x0000952c                __aeabi_dsub
                0x0000952c                __subdf3
                0x00009530                __adddf3
                0x00009530                __aeabi_dadd
                0x000097a8                __aeabi_ui2d
                0x000097a8                __floatunsidf
                0x000097c8                __floatsidf
                0x000097c8                __aeabi_i2d
                0x000097ec                __extendsfdf2
                0x000097ec                __aeabi_f2d
                0x00009828                __aeabi_ul2d
                0x00009828                __floatundidf
                0x00009838                __floatdidf
                0x00009838                __aeabi_l2d
 .text          0x00009894      0x424 /opt/york/cs/net/sourcery-g++-lite-arm-eabi-2010.09.51-i686-1/bin/../lib/gcc/arm-none-eabi/4.5.1/thumb2/libgcc.a(_arm_muldivdf3.o)
                0x00009894                __aeabi_dmul
                0x00009894                __muldf3
                0x00009ae8                __aeabi_ddiv
                0x00009ae8                __divdf3
 .text          0x00009cb8      0x110 /opt/york/cs/net/sourcery-g++-lite-arm-eabi-2010.09.51-i686-1/bin/../lib/gcc/arm-none-eabi/4.5.1/thumb2/libgcc.a(_arm_cmpdf2.o)
                0x00009cb8                __gtdf2
                0x00009cb8                __gedf2
                0x00009cc0                __ltdf2
                0x00009cc0                __ledf2
                0x00009cc8                __cmpdf2
                0x00009cc8                __eqdf2
                0x00009cc8                __nedf2
                0x00009d44                __aeabi_cdrcmple
                0x00009d54                __aeabi_cdcmple
                0x00009d54                __aeabi_cdcmpeq
                0x00009d64                __aeabi_dcmpeq
                0x00009d78                __aeabi_dcmplt
                0x00009d8c                __aeabi_dcmple
                0x00009da0                __aeabi_dcmpge
                0x00009db4                __aeabi_dcmpgt
 .text          0x00009dc8       0x50 /opt/york/cs/net/sourcery-g++-lite-arm-eabi-2010.09.51-i686-1/bin/../lib/gcc/arm-none-eabi/4.5.1/thumb2/libgcc.a(_arm_fixdfsi.o)
                0x00009dc8                __fixdfsi
                0x00009dc8                __aeabi_d2iz
 .text          0x00009e18       0xa0 /opt/york/cs/net/sourcery-g++-lite-arm-eabi-2010.09.51-i686-1/bin/../lib/gcc/arm-none-eabi/4.5.1/thumb2/libgcc.a(_arm_truncdfsf2.o)
                0x00009e18                __aeabi_d2f
                0x00009e18                __truncdfsf2
 .text          0x00009eb8      0x21c /opt/york/cs/net/sourcery-g++-lite-arm-eabi-2010.09.51-i686-1/bin/../lib/gcc/arm-none-eabi/4.5.1/thumb2/libgcc.a(_arm_addsubsf3.o)
                0x00009eb8                __aeabi_frsub
                0x00009ec0                __subsf3
                0x00009ec0                __aeabi_fsub
                0x00009ec4                __aeabi_fadd
                0x00009ec4                __addsf3
                0x0000a024                __aeabi_ui2f
                0x0000a024                __floatunsisf
                0x0000a02c                __aeabi_i2f
                0x0000a02c                __floatsisf
                0x0000a048                __floatundisf
                0x0000a048                __aeabi_ul2f
                0x0000a058                __floatdisf
                0x0000a058                __aeabi_l2f
 .text          0x0000a0d4      0x2a0 /opt/york/cs/net/sourcery-g++-lite-arm-eabi-2010.09.51-i686-1/bin/../lib/gcc/arm-none-eabi/4.5.1/thumb2/libgcc.a(_arm_muldivsf3.o)
                0x0000a0d4                __mulsf3
                0x0000a0d4                __aeabi_fmul
                0x0000a23c                __divsf3
                0x0000a23c                __aeabi_fdiv
 .text          0x0000a374       0xec /opt/york/cs/net/sourcery-g++-lite-arm-eabi-2010.09.51-i686-1/bin/../lib/gcc/arm-none-eabi/4.5.1/thumb2/libgcc.a(_arm_cmpsf2.o)
                0x0000a374                __gtsf2
                0x0000a374                __gesf2
                0x0000a37c                __lesf2
                0x0000a37c                __ltsf2
                0x0000a384                __nesf2
                0x0000a384                __eqsf2
                0x0000a384                __cmpsf2
                0x0000a3e4                __aeabi_cfrcmple
                0x0000a3ec                __aeabi_cfcmple
                0x0000a3ec                __aeabi_cfcmpeq
                0x0000a3fc                __aeabi_fcmpeq
                0x0000a410                __aeabi_fcmplt
                0x0000a424                __aeabi_fcmple
                0x0000a438                __aeabi_fcmpge
                0x0000a44c                __aeabi_fcmpgt
 .text          0x0000a460       0x4c /opt/york/cs/net/sourcery-g++-lite-arm-eabi-2010.09.51-i686-1/bin/../lib/gcc/arm-none-eabi/4.5.1/thumb2/libgcc.a(_arm_fixsfsi.o)
                0x0000a460                __fixsfsi
                0x0000a460                __aeabi_f2iz
 .text          0x0000a4ac       0x40 /opt/york/cs/net/sourcery-g++-lite-arm-eabi-2010.09.51-i686-1/bin/../lib/gcc/arm-none-eabi/4.5.1/thumb2/libgcc.a(_arm_fixunssfsi.o)
                0x0000a4ac                __aeabi_f2uiz
                0x0000a4ac                __fixunssfsi
 .text          0x0000a4ec       0x2c /opt/york/cs/net/sourcery-g++-lite-arm-eabi-2010.09.51-i686-1/bin/../lib/gcc/arm-none-eabi/4.5.1/thumb2/libgcc.a(_aeabi_uldivmod.o)
                0x0000a4ec                __aeabi_uldivmod
 .text          0x0000a518       0x60 /opt/york/cs/net/sourcery-g++-lite-arm-eabi-2010.09.51-i686-1/bin/../lib/gcc/arm-none-eabi/4.5.1/thumb2/libgcc.a(bpabi.o)
                0x0000a518                __gnu_ldivmod_helper
                0x0000a548                __gnu_uldivmod_helper
 .text          0x0000a578      0x364 /opt/york/cs/net/sourcery-g++-lite-arm-eabi-2010.09.51-i686-1/bin/../lib/gcc/arm-none-eabi/4.5.1/thumb2/libgcc.a(_divdi3.o)
                0x0000a578                __divdi3
 .text          0x0000a8dc      0x314 /opt/york/cs/net/sourcery-g++-lite-arm-eabi-2010.09.51-i686-1/bin/../lib/gcc/arm-none-eabi/4.5.1/thumb2/libgcc.a(_udivdi3.o)
                0x0000a8dc                __udivdi3
 .text          0x0000abf0       0x9c /usr/local/pkg/sourcery-g++-lite-arm-eabi-2010.09.51-i686-1/arm-none-eabi/lib/thumb2/libm.a(lib_a-s_round.o)
                0x0000abf0                round
 .text          0x0000ac8c       0x54 /usr/local/pkg/sourcery-g++-lite-arm-eabi-2010.09.51-i686-1/arm-none-eabi/lib/thumb2/libm.a(lib_a-sf_round.o)
                0x0000ac8c                roundf
 .text          0x0000ace0      0x348 /usr/local/pkg/sourcery-g++-lite-arm-eabi-2010.09.51-i686-1/arm-none-eabi/lib/thumb2/libm.a(lib_a-w_pow.o)
                0x0000ace0                pow
 .text          0x0000b028      0xb48 /usr/local/pkg/sourcery-g++-lite-arm-eabi-2010.09.51-i686-1/arm-none-eabi/lib/thumb2/libm.a(lib_a-e_pow.o)
                0x0000b028                __ieee754_pow
 .text          0x0000bb70      0x1c0 /usr/local/pkg/sourcery-g++-lite-arm-eabi-2010.09.51-i686-1/arm-none-eabi/lib/thumb2/libm.a(lib_a-e_sqrt.o)
                0x0000bb70                __ieee754_sqrt
 .text          0x0000bd30        0x8 /usr/local/pkg/sourcery-g++-lite-arm-eabi-2010.09.51-i686-1/arm-none-eabi/lib/thumb2/libm.a(lib_a-s_fabs.o)
                0x0000bd30                fabs
 .text          0x0000bd38       0x10 /usr/local/pkg/sourcery-g++-lite-arm-eabi-2010.09.51-i686-1/arm-none-eabi/lib/thumb2/libm.a(lib_a-s_finite.o)
                0x0000bd38                finite
 .text          0x0000bd48        0x0 /usr/local/pkg/sourcery-g++-lite-arm-eabi-2010.09.51-i686-1/arm-none-eabi/lib/thumb2/libm.a(lib_a-s_lib_ver.o)
 .text          0x0000bd48        0x4 /usr/local/pkg/sourcery-g++-lite-arm-eabi-2010.09.51-i686-1/arm-none-eabi/lib/thumb2/libm.a(lib_a-s_matherr.o)
                0x0000bd48                matherr
 .text          0x0000bd4c        0xc /usr/local/pkg/sourcery-g++-lite-arm-eabi-2010.09.51-i686-1/arm-none-eabi/lib/thumb2/libm.a(lib_a-s_nan.o)
                0x0000bd4c                nan
 .text          0x0000bd58      0x140 /usr/local/pkg/sourcery-g++-lite-arm-eabi-2010.09.51-i686-1/arm-none-eabi/lib/thumb2/libm.a(lib_a-s_rint.o)
                0x0000bd58                rint
 .text          0x0000be98      0x108 /usr/local/pkg/sourcery-g++-lite-arm-eabi-2010.09.51-i686-1/arm-none-eabi/lib/thumb2/libm.a(lib_a-s_scalbn.o)
                0x0000be98                scalbn
 .text          0x0000bfa0       0x14 /usr/local/pkg/sourcery-g++-lite-arm-eabi-2010.09.51-i686-1/arm-none-eabi/lib/thumb2/libm.a(lib_a-s_copysign.o)
                0x0000bfa0                copysign
 .text          0x0000bfb4        0xc /usr/local/pkg/sourcery-g++-lite-arm-eabi-2010.09.51-i686-1/arm-none-eabi/lib/thumb2/libc.a(lib_a-errno.o)
                0x0000bfb4                __errno
 .text          0x0000bfc0       0x30 /usr/local/pkg/sourcery-g++-lite-arm-eabi-2010.09.51-i686-1/arm-none-eabi/lib/thumb2/libcs3.a(start_c.o)
                0x0000bfc0                __cs3_premain
 .text.cs3.init
                0x0000bff0       0x50 /usr/local/pkg/sourcery-g++-lite-arm-eabi-2010.09.51-i686-1/arm-none-eabi/lib/thumb2/libcs3.a(start_c.o)
                0x0000bff0                __cs3_start_c
 .text          0x0000c040       0x40 /usr/local/pkg/sourcery-g++-lite-arm-eabi-2010.09.51-i686-1/arm-none-eabi/lib/thumb2/libcs3unhosted.a(unhosted-sbrk.o)
                0x0000c040                _sbrk
 .text          0x0000c080        0x0 /usr/local/pkg/sourcery-g++-lite-arm-eabi-2010.09.51-i686-1/arm-none-eabi/lib/thumb2/libcs3unhosted.a(unhosted-start.o)
 .text.cs3.init
                0x0000c080       0x10 /usr/local/pkg/sourcery-g++-lite-arm-eabi-2010.09.51-i686-1/arm-none-eabi/lib/thumb2/libcs3unhosted.a(unhosted-start.o)
                0x0000c080                _start
 .text          0x0000c090       0x50 /usr/local/pkg/sourcery-g++-lite-arm-eabi-2010.09.51-i686-1/arm-none-eabi/lib/thumb2/libc.a(lib_a-init.o)
                0x0000c090                __libc_init_array
 .text          0x0000c0e0        0x0 /usr/local/pkg/sourcery-g++-lite-arm-eabi-2010.09.51-i686-1/arm-none-eabi/lib/thumb2/libcs3.a(heap.o)
 .text          0x0000c0e0        0x0 /usr/local/pkg/lpc1700-cmsis-lite-2011.01.26-i686-1/lib/libDriversLPC17xxgnu.a(lpc17xx_adc.o)
 .text.ADC_Init
                0x0000c0e0       0xa4 /usr/local/pkg/lpc1700-cmsis-lite-2011.01.26-i686-1/lib/libDriversLPC17xxgnu.a(lpc17xx_adc.o)
                0x0000c0e0                ADC_Init
 .text.ADC_DeInit
                0x0000c184       0x48 /usr/local/pkg/lpc1700-cmsis-lite-2011.01.26-i686-1/lib/libDriversLPC17xxgnu.a(lpc17xx_adc.o)
                0x0000c184                ADC_DeInit
 .text.ADC_GetData
                0x0000c1cc       0x38 /usr/local/pkg/lpc1700-cmsis-lite-2011.01.26-i686-1/lib/libDriversLPC17xxgnu.a(lpc17xx_adc.o)
                0x0000c1cc                ADC_GetData
 .text.ADC_StartCmd
                0x0000c204       0x90 /usr/local/pkg/lpc1700-cmsis-lite-2011.01.26-i686-1/lib/libDriversLPC17xxgnu.a(lpc17xx_adc.o)
                0x0000c204                ADC_StartCmd
 .text.ADC_BurstCmd
                0x0000c294       0x50 /usr/local/pkg/lpc1700-cmsis-lite-2011.01.26-i686-1/lib/libDriversLPC17xxgnu.a(lpc17xx_adc.o)
                0x0000c294                ADC_BurstCmd
 .text.ADC_PowerdownCmd
                0x0000c2e4       0x50 /usr/local/pkg/lpc1700-cmsis-lite-2011.01.26-i686-1/lib/libDriversLPC17xxgnu.a(lpc17xx_adc.o)
                0x0000c2e4                ADC_PowerdownCmd
 .text.ADC_EdgeStartConfig
                0x0000c334       0x6c /usr/local/pkg/lpc1700-cmsis-lite-2011.01.26-i686-1/lib/libDriversLPC17xxgnu.a(lpc17xx_adc.o)
                0x0000c334                ADC_EdgeStartConfig
 .text.ADC_IntConfig
                0x0000c3a0       0xb4 /usr/local/pkg/lpc1700-cmsis-lite-2011.01.26-i686-1/lib/libDriversLPC17xxgnu.a(lpc17xx_adc.o)
                0x0000c3a0                ADC_IntConfig
 .text.ADC_ChannelCmd
                0x0000c454       0x70 /usr/local/pkg/lpc1700-cmsis-lite-2011.01.26-i686-1/lib/libDriversLPC17xxgnu.a(lpc17xx_adc.o)
                0x0000c454                ADC_ChannelCmd
 .text.ADC_ChannelGetData
                0x0000c4c4       0x58 /usr/local/pkg/lpc1700-cmsis-lite-2011.01.26-i686-1/lib/libDriversLPC17xxgnu.a(lpc17xx_adc.o)
                0x0000c4c4                ADC_ChannelGetData
 .text.ADC_ChannelGetStatus
                0x0000c51c       0x8c /usr/local/pkg/lpc1700-cmsis-lite-2011.01.26-i686-1/lib/libDriversLPC17xxgnu.a(lpc17xx_adc.o)
                0x0000c51c                ADC_ChannelGetStatus
 .text.ADC_GlobalGetData
                0x0000c5a8       0x34 /usr/local/pkg/lpc1700-cmsis-lite-2011.01.26-i686-1/lib/libDriversLPC17xxgnu.a(lpc17xx_adc.o)
                0x0000c5a8                ADC_GlobalGetData
 .text.ADC_GlobalGetStatus
                0x0000c5dc       0x7c /usr/local/pkg/lpc1700-cmsis-lite-2011.01.26-i686-1/lib/libDriversLPC17xxgnu.a(lpc17xx_adc.o)
                0x0000c5dc                ADC_GlobalGetStatus
 .text          0x0000c658        0x0 /usr/local/pkg/lpc1700-cmsis-lite-2011.01.26-i686-1/lib/libDriversLPC17xxgnu.a(lpc17xx_clkpwr.o)
 .text.CLKPWR_SetPCLKDiv
                0x0000c658       0xd4 /usr/local/pkg/lpc1700-cmsis-lite-2011.01.26-i686-1/lib/libDriversLPC17xxgnu.a(lpc17xx_clkpwr.o)
                0x0000c658                CLKPWR_SetPCLKDiv
 .text.CLKPWR_GetPCLKSEL
                0x0000c72c       0x54 /usr/local/pkg/lpc1700-cmsis-lite-2011.01.26-i686-1/lib/libDriversLPC17xxgnu.a(lpc17xx_clkpwr.o)
                0x0000c72c                CLKPWR_GetPCLKSEL
 .text.CLKPWR_GetPCLK
                0x0000c780       0x70 /usr/local/pkg/lpc1700-cmsis-lite-2011.01.26-i686-1/lib/libDriversLPC17xxgnu.a(lpc17xx_clkpwr.o)
                0x0000c780                CLKPWR_GetPCLK
 .text.CLKPWR_ConfigPPWR
                0x0000c7f0       0x80 /usr/local/pkg/lpc1700-cmsis-lite-2011.01.26-i686-1/lib/libDriversLPC17xxgnu.a(lpc17xx_clkpwr.o)
                0x0000c7f0                CLKPWR_ConfigPPWR
 .text.CLKPWR_Sleep
                0x0000c870       0x1c /usr/local/pkg/lpc1700-cmsis-lite-2011.01.26-i686-1/lib/libDriversLPC17xxgnu.a(lpc17xx_clkpwr.o)
                0x0000c870                CLKPWR_Sleep
 .text.CLKPWR_DeepSleep
                0x0000c88c       0x2c /usr/local/pkg/lpc1700-cmsis-lite-2011.01.26-i686-1/lib/libDriversLPC17xxgnu.a(lpc17xx_clkpwr.o)
                0x0000c88c                CLKPWR_DeepSleep
 .text.CLKPWR_PowerDown
                0x0000c8b8       0x2c /usr/local/pkg/lpc1700-cmsis-lite-2011.01.26-i686-1/lib/libDriversLPC17xxgnu.a(lpc17xx_clkpwr.o)
                0x0000c8b8                CLKPWR_PowerDown
 .text.CLKPWR_DeepPowerDown
                0x0000c8e4       0x2c /usr/local/pkg/lpc1700-cmsis-lite-2011.01.26-i686-1/lib/libDriversLPC17xxgnu.a(lpc17xx_clkpwr.o)
                0x0000c8e4                CLKPWR_DeepPowerDown
 .text          0x0000c910        0x0 /usr/local/pkg/lpc1700-cmsis-lite-2011.01.26-i686-1/lib/libDriversLPC17xxgnu.a(lpc17xx_dac.o)
 .text.DAC_Init
                0x0000c910       0x40 /usr/local/pkg/lpc1700-cmsis-lite-2011.01.26-i686-1/lib/libDriversLPC17xxgnu.a(lpc17xx_dac.o)
                0x0000c910                DAC_Init
 .text.DAC_UpdateValue
                0x0000c950       0x58 /usr/local/pkg/lpc1700-cmsis-lite-2011.01.26-i686-1/lib/libDriversLPC17xxgnu.a(lpc17xx_dac.o)
                0x0000c950                DAC_UpdateValue
 .text.DAC_SetBias
                0x0000c9a8       0x4c /usr/local/pkg/lpc1700-cmsis-lite-2011.01.26-i686-1/lib/libDriversLPC17xxgnu.a(lpc17xx_dac.o)
                0x0000c9a8                DAC_SetBias
 .text.DAC_ConfigDAConverterControl
                0x0000c9f4       0x78 /usr/local/pkg/lpc1700-cmsis-lite-2011.01.26-i686-1/lib/libDriversLPC17xxgnu.a(lpc17xx_dac.o)
                0x0000c9f4                DAC_ConfigDAConverterControl
 .text.DAC_SetDMATimeOut
                0x0000ca6c       0x38 /usr/local/pkg/lpc1700-cmsis-lite-2011.01.26-i686-1/lib/libDriversLPC17xxgnu.a(lpc17xx_dac.o)
                0x0000ca6c                DAC_SetDMATimeOut
 .text          0x0000caa4        0x0 /usr/local/pkg/lpc1700-cmsis-lite-2011.01.26-i686-1/lib/libDriversLPC17xxgnu.a(lpc17xx_gpio.o)
 .text.GPIO_GetPointer
                0x0000caa4       0x7c /usr/local/pkg/lpc1700-cmsis-lite-2011.01.26-i686-1/lib/libDriversLPC17xxgnu.a(lpc17xx_gpio.o)
 .text.FIO_HalfWordGetPointer
                0x0000cb20       0x7c /usr/local/pkg/lpc1700-cmsis-lite-2011.01.26-i686-1/lib/libDriversLPC17xxgnu.a(lpc17xx_gpio.o)
 .text.FIO_ByteGetPointer
                0x0000cb9c       0x7c /usr/local/pkg/lpc1700-cmsis-lite-2011.01.26-i686-1/lib/libDriversLPC17xxgnu.a(lpc17xx_gpio.o)
 .text.GPIO_SetDir
                0x0000cc18       0x50 /usr/local/pkg/lpc1700-cmsis-lite-2011.01.26-i686-1/lib/libDriversLPC17xxgnu.a(lpc17xx_gpio.o)
                0x0000cc18                GPIO_SetDir
 .text.GPIO_SetValue
                0x0000cc68       0x2c /usr/local/pkg/lpc1700-cmsis-lite-2011.01.26-i686-1/lib/libDriversLPC17xxgnu.a(lpc17xx_gpio.o)
                0x0000cc68                GPIO_SetValue
 .text.GPIO_ClearValue
                0x0000cc94       0x2c /usr/local/pkg/lpc1700-cmsis-lite-2011.01.26-i686-1/lib/libDriversLPC17xxgnu.a(lpc17xx_gpio.o)
                0x0000cc94                GPIO_ClearValue
 .text.GPIO_ReadValue
                0x0000ccc0       0x30 /usr/local/pkg/lpc1700-cmsis-lite-2011.01.26-i686-1/lib/libDriversLPC17xxgnu.a(lpc17xx_gpio.o)
                0x0000ccc0                GPIO_ReadValue
 .text.GPIO_IntCmd
                0x0000ccf0       0x84 /usr/local/pkg/lpc1700-cmsis-lite-2011.01.26-i686-1/lib/libDriversLPC17xxgnu.a(lpc17xx_gpio.o)
                0x0000ccf0                GPIO_IntCmd
 .text.GPIO_GetIntStatus
                0x0000cd74       0xc0 /usr/local/pkg/lpc1700-cmsis-lite-2011.01.26-i686-1/lib/libDriversLPC17xxgnu.a(lpc17xx_gpio.o)
                0x0000cd74                GPIO_GetIntStatus
 .text.GPIO_ClearInt
                0x0000ce34       0x40 /usr/local/pkg/lpc1700-cmsis-lite-2011.01.26-i686-1/lib/libDriversLPC17xxgnu.a(lpc17xx_gpio.o)
                0x0000ce34                GPIO_ClearInt
 .text.FIO_SetDir
                0x0000ce74       0x28 /usr/local/pkg/lpc1700-cmsis-lite-2011.01.26-i686-1/lib/libDriversLPC17xxgnu.a(lpc17xx_gpio.o)
                0x0000ce74                FIO_SetDir
 .text.FIO_SetValue
                0x0000ce9c       0x20 /usr/local/pkg/lpc1700-cmsis-lite-2011.01.26-i686-1/lib/libDriversLPC17xxgnu.a(lpc17xx_gpio.o)
                0x0000ce9c                FIO_SetValue
 .text.FIO_ClearValue
                0x0000cebc       0x20 /usr/local/pkg/lpc1700-cmsis-lite-2011.01.26-i686-1/lib/libDriversLPC17xxgnu.a(lpc17xx_gpio.o)
                0x0000cebc                FIO_ClearValue
 .text.FIO_ReadValue
                0x0000cedc       0x20 /usr/local/pkg/lpc1700-cmsis-lite-2011.01.26-i686-1/lib/libDriversLPC17xxgnu.a(lpc17xx_gpio.o)
                0x0000cedc                FIO_ReadValue
 .text.FIO_IntCmd
                0x0000cefc       0x28 /usr/local/pkg/lpc1700-cmsis-lite-2011.01.26-i686-1/lib/libDriversLPC17xxgnu.a(lpc17xx_gpio.o)
                0x0000cefc                FIO_IntCmd
 .text.FIO_GetIntStatus
                0x0000cf24       0x2c /usr/local/pkg/lpc1700-cmsis-lite-2011.01.26-i686-1/lib/libDriversLPC17xxgnu.a(lpc17xx_gpio.o)
                0x0000cf24                FIO_GetIntStatus
 .text.FIO_ClearInt
                0x0000cf50       0x20 /usr/local/pkg/lpc1700-cmsis-lite-2011.01.26-i686-1/lib/libDriversLPC17xxgnu.a(lpc17xx_gpio.o)
                0x0000cf50                FIO_ClearInt
 .text.FIO_SetMask
                0x0000cf70       0x50 /usr/local/pkg/lpc1700-cmsis-lite-2011.01.26-i686-1/lib/libDriversLPC17xxgnu.a(lpc17xx_gpio.o)
                0x0000cf70                FIO_SetMask
 .text.FIO_HalfWordSetDir
                0x0000cfc0       0x9c /usr/local/pkg/lpc1700-cmsis-lite-2011.01.26-i686-1/lib/libDriversLPC17xxgnu.a(lpc17xx_gpio.o)
                0x0000cfc0                FIO_HalfWordSetDir
 .text.FIO_HalfWordSetMask
                0x0000d05c       0x9c /usr/local/pkg/lpc1700-cmsis-lite-2011.01.26-i686-1/lib/libDriversLPC17xxgnu.a(lpc17xx_gpio.o)
                0x0000d05c                FIO_HalfWordSetMask
 .text.FIO_HalfWordSetValue
                0x0000d0f8       0x40 /usr/local/pkg/lpc1700-cmsis-lite-2011.01.26-i686-1/lib/libDriversLPC17xxgnu.a(lpc17xx_gpio.o)
                0x0000d0f8                FIO_HalfWordSetValue
 .text.FIO_HalfWordClearValue
                0x0000d138       0x40 /usr/local/pkg/lpc1700-cmsis-lite-2011.01.26-i686-1/lib/libDriversLPC17xxgnu.a(lpc17xx_gpio.o)
                0x0000d138                FIO_HalfWordClearValue
 .text.FIO_HalfWordReadValue
                0x0000d178       0x44 /usr/local/pkg/lpc1700-cmsis-lite-2011.01.26-i686-1/lib/libDriversLPC17xxgnu.a(lpc17xx_gpio.o)
                0x0000d178                FIO_HalfWordReadValue
 .text.FIO_ByteSetDir
                0x0000d1bc       0x70 /usr/local/pkg/lpc1700-cmsis-lite-2011.01.26-i686-1/lib/libDriversLPC17xxgnu.a(lpc17xx_gpio.o)
                0x0000d1bc                FIO_ByteSetDir
 .text.FIO_ByteSetMask
                0x0000d22c       0x78 /usr/local/pkg/lpc1700-cmsis-lite-2011.01.26-i686-1/lib/libDriversLPC17xxgnu.a(lpc17xx_gpio.o)
                0x0000d22c                FIO_ByteSetMask
 .text.FIO_ByteSetValue
                0x0000d2a4       0x3c /usr/local/pkg/lpc1700-cmsis-lite-2011.01.26-i686-1/lib/libDriversLPC17xxgnu.a(lpc17xx_gpio.o)
                0x0000d2a4                FIO_ByteSetValue
 .text.FIO_ByteClearValue
                0x0000d2e0       0x3c /usr/local/pkg/lpc1700-cmsis-lite-2011.01.26-i686-1/lib/libDriversLPC17xxgnu.a(lpc17xx_gpio.o)
                0x0000d2e0                FIO_ByteClearValue
 .text.FIO_ByteReadValue
                0x0000d31c       0x40 /usr/local/pkg/lpc1700-cmsis-lite-2011.01.26-i686-1/lib/libDriversLPC17xxgnu.a(lpc17xx_gpio.o)
                0x0000d31c                FIO_ByteReadValue
 .text          0x0000d35c        0x0 /usr/local/pkg/lpc1700-cmsis-lite-2011.01.26-i686-1/lib/libDriversLPC17xxgnu.a(lpc17xx_i2c.o)
 .text.NVIC_EnableIRQ
                0x0000d35c       0x38 /usr/local/pkg/lpc1700-cmsis-lite-2011.01.26-i686-1/lib/libDriversLPC17xxgnu.a(lpc17xx_i2c.o)
 .text.NVIC_DisableIRQ
                0x0000d394       0x3c /usr/local/pkg/lpc1700-cmsis-lite-2011.01.26-i686-1/lib/libDriversLPC17xxgnu.a(lpc17xx_i2c.o)
 .text.I2C_getNum
                0x0000d3d0       0x54 /usr/local/pkg/lpc1700-cmsis-lite-2011.01.26-i686-1/lib/libDriversLPC17xxgnu.a(lpc17xx_i2c.o)
 .text.I2C_Start
                0x0000d424       0x44 /usr/local/pkg/lpc1700-cmsis-lite-2011.01.26-i686-1/lib/libDriversLPC17xxgnu.a(lpc17xx_i2c.o)
 .text.I2C_Stop
                0x0000d468       0x38 /usr/local/pkg/lpc1700-cmsis-lite-2011.01.26-i686-1/lib/libDriversLPC17xxgnu.a(lpc17xx_i2c.o)
 .text.I2C_SendByte
                0x0000d4a0       0x50 /usr/local/pkg/lpc1700-cmsis-lite-2011.01.26-i686-1/lib/libDriversLPC17xxgnu.a(lpc17xx_i2c.o)
 .text.I2C_GetByte
                0x0000d4f0       0x5c /usr/local/pkg/lpc1700-cmsis-lite-2011.01.26-i686-1/lib/libDriversLPC17xxgnu.a(lpc17xx_i2c.o)
 .text.I2C_SetClock
                0x0000d54c       0xc8 /usr/local/pkg/lpc1700-cmsis-lite-2011.01.26-i686-1/lib/libDriversLPC17xxgnu.a(lpc17xx_i2c.o)
 .text.I2C_Init
                0x0000d614       0xd8 /usr/local/pkg/lpc1700-cmsis-lite-2011.01.26-i686-1/lib/libDriversLPC17xxgnu.a(lpc17xx_i2c.o)
                0x0000d614                I2C_Init
 .text.I2C_DeInit
                0x0000d6ec       0xa4 /usr/local/pkg/lpc1700-cmsis-lite-2011.01.26-i686-1/lib/libDriversLPC17xxgnu.a(lpc17xx_i2c.o)
                0x0000d6ec                I2C_DeInit
 .text.I2C_Cmd  0x0000d790       0x84 /usr/local/pkg/lpc1700-cmsis-lite-2011.01.26-i686-1/lib/libDriversLPC17xxgnu.a(lpc17xx_i2c.o)
                0x0000d790                I2C_Cmd
 .text.I2C_IntCmd
                0x0000d814       0xa8 /usr/local/pkg/lpc1700-cmsis-lite-2011.01.26-i686-1/lib/libDriversLPC17xxgnu.a(lpc17xx_i2c.o)
                0x0000d814                I2C_IntCmd
 .text.I2C_MasterHandler
                0x0000d8bc      0x3d8 /usr/local/pkg/lpc1700-cmsis-lite-2011.01.26-i686-1/lib/libDriversLPC17xxgnu.a(lpc17xx_i2c.o)
                0x0000d8bc                I2C_MasterHandler
 .text.I2C_SlaveHandler
                0x0000dc94      0x1d8 /usr/local/pkg/lpc1700-cmsis-lite-2011.01.26-i686-1/lib/libDriversLPC17xxgnu.a(lpc17xx_i2c.o)
                0x0000dc94                I2C_SlaveHandler
 .text.I2C_MasterTransferData
                0x0000de6c      0x33c /usr/local/pkg/lpc1700-cmsis-lite-2011.01.26-i686-1/lib/libDriversLPC17xxgnu.a(lpc17xx_i2c.o)
                0x0000de6c                I2C_MasterTransferData
 .text.I2C_SlaveTransferData
                0x0000e1a8      0x268 /usr/local/pkg/lpc1700-cmsis-lite-2011.01.26-i686-1/lib/libDriversLPC17xxgnu.a(lpc17xx_i2c.o)
                0x0000e1a8                I2C_SlaveTransferData
 .text.I2C_SetOwnSlaveAddr
                0x0000e410      0x118 /usr/local/pkg/lpc1700-cmsis-lite-2011.01.26-i686-1/lib/libDriversLPC17xxgnu.a(lpc17xx_i2c.o)
                0x0000e410                I2C_SetOwnSlaveAddr
 .text.I2C_MonitorModeConfig
                0x0000e528       0x9c /usr/local/pkg/lpc1700-cmsis-lite-2011.01.26-i686-1/lib/libDriversLPC17xxgnu.a(lpc17xx_i2c.o)
                0x0000e528                I2C_MonitorModeConfig
 .text.I2C_MonitorModeCmd
                0x0000e5c4       0xb0 /usr/local/pkg/lpc1700-cmsis-lite-2011.01.26-i686-1/lib/libDriversLPC17xxgnu.a(lpc17xx_i2c.o)
                0x0000e5c4                I2C_MonitorModeCmd
 .text.I2C_MonitorGetDatabuffer
                0x0000e674       0x54 /usr/local/pkg/lpc1700-cmsis-lite-2011.01.26-i686-1/lib/libDriversLPC17xxgnu.a(lpc17xx_i2c.o)
                0x0000e674                I2C_MonitorGetDatabuffer
 .text.I2C_MonitorHandler
                0x0000e6c8       0x6c /usr/local/pkg/lpc1700-cmsis-lite-2011.01.26-i686-1/lib/libDriversLPC17xxgnu.a(lpc17xx_i2c.o)
                0x0000e6c8                I2C_MonitorHandler
 .text.I2C_MasterTransferComplete
                0x0000e734       0x40 /usr/local/pkg/lpc1700-cmsis-lite-2011.01.26-i686-1/lib/libDriversLPC17xxgnu.a(lpc17xx_i2c.o)
                0x0000e734                I2C_MasterTransferComplete
 .text.I2C_SlaveTransferComplete
                0x0000e774       0x40 /usr/local/pkg/lpc1700-cmsis-lite-2011.01.26-i686-1/lib/libDriversLPC17xxgnu.a(lpc17xx_i2c.o)
                0x0000e774                I2C_SlaveTransferComplete
 .text          0x0000e7b4        0x0 /usr/local/pkg/lpc1700-cmsis-lite-2011.01.26-i686-1/lib/libDriversLPC17xxgnu.a(lpc17xx_libcfg_default.o)
 .text.check_failed
                0x0000e7b4        0xc /usr/local/pkg/lpc1700-cmsis-lite-2011.01.26-i686-1/lib/libDriversLPC17xxgnu.a(lpc17xx_libcfg_default.o)
                0x0000e7b4                check_failed
 .text          0x0000e7c0        0x0 /usr/local/pkg/lpc1700-cmsis-lite-2011.01.26-i686-1/lib/libDriversLPC17xxgnu.a(lpc17xx_pinsel.o)
 .text.set_PinFunc
                0x0000e7c0       0xa0 /usr/local/pkg/lpc1700-cmsis-lite-2011.01.26-i686-1/lib/libDriversLPC17xxgnu.a(lpc17xx_pinsel.o)
 .text.set_ResistorMode
                0x0000e860       0xa0 /usr/local/pkg/lpc1700-cmsis-lite-2011.01.26-i686-1/lib/libDriversLPC17xxgnu.a(lpc17xx_pinsel.o)
 .text.set_OpenDrainMode
                0x0000e900       0x80 /usr/local/pkg/lpc1700-cmsis-lite-2011.01.26-i686-1/lib/libDriversLPC17xxgnu.a(lpc17xx_pinsel.o)
 .text.PINSEL_ConfigTraceFunc
                0x0000e980       0x54 /usr/local/pkg/lpc1700-cmsis-lite-2011.01.26-i686-1/lib/libDriversLPC17xxgnu.a(lpc17xx_pinsel.o)
                0x0000e980                PINSEL_ConfigTraceFunc
 .text.PINSEL_SetI2C0Pins
                0x0000e9d4       0x3c /usr/local/pkg/lpc1700-cmsis-lite-2011.01.26-i686-1/lib/libDriversLPC17xxgnu.a(lpc17xx_pinsel.o)
                0x0000e9d4                PINSEL_SetI2C0Pins
 .text.PINSEL_ConfigPin
                0x0000ea10       0x54 /usr/local/pkg/lpc1700-cmsis-lite-2011.01.26-i686-1/lib/libDriversLPC17xxgnu.a(lpc17xx_pinsel.o)
                0x0000ea10                PINSEL_ConfigPin
 .text          0x0000ea64        0x0 /usr/local/pkg/lpc1700-cmsis-lite-2011.01.26-i686-1/lib/libDriversLPC17xxgnu.a(lpc17xx_pwm.o)
 .text.PWM_GetIntStatus
                0x0000ea64       0x94 /usr/local/pkg/lpc1700-cmsis-lite-2011.01.26-i686-1/lib/libDriversLPC17xxgnu.a(lpc17xx_pwm.o)
                0x0000ea64                PWM_GetIntStatus
 .text.PWM_ClearIntPending
                0x0000eaf8       0x84 /usr/local/pkg/lpc1700-cmsis-lite-2011.01.26-i686-1/lib/libDriversLPC17xxgnu.a(lpc17xx_pwm.o)
                0x0000eaf8                PWM_ClearIntPending
 .text.PWM_ConfigStructInit
                0x0000eb7c       0x68 /usr/local/pkg/lpc1700-cmsis-lite-2011.01.26-i686-1/lib/libDriversLPC17xxgnu.a(lpc17xx_pwm.o)
                0x0000eb7c                PWM_ConfigStructInit
 .text.PWM_Init
                0x0000ebe4      0x1b4 /usr/local/pkg/lpc1700-cmsis-lite-2011.01.26-i686-1/lib/libDriversLPC17xxgnu.a(lpc17xx_pwm.o)
                0x0000ebe4                PWM_Init
 .text.PWM_DeInit
                0x0000ed98       0x44 /usr/local/pkg/lpc1700-cmsis-lite-2011.01.26-i686-1/lib/libDriversLPC17xxgnu.a(lpc17xx_pwm.o)
                0x0000ed98                PWM_DeInit
 .text.PWM_Cmd  0x0000eddc       0x70 /usr/local/pkg/lpc1700-cmsis-lite-2011.01.26-i686-1/lib/libDriversLPC17xxgnu.a(lpc17xx_pwm.o)
                0x0000eddc                PWM_Cmd
 .text.PWM_CounterCmd
                0x0000ee4c       0x70 /usr/local/pkg/lpc1700-cmsis-lite-2011.01.26-i686-1/lib/libDriversLPC17xxgnu.a(lpc17xx_pwm.o)
                0x0000ee4c                PWM_CounterCmd
 .text.PWM_ResetCounter
                0x0000eebc       0x48 /usr/local/pkg/lpc1700-cmsis-lite-2011.01.26-i686-1/lib/libDriversLPC17xxgnu.a(lpc17xx_pwm.o)
                0x0000eebc                PWM_ResetCounter
 .text.PWM_ConfigMatch
                0x0000ef04      0x1fc /usr/local/pkg/lpc1700-cmsis-lite-2011.01.26-i686-1/lib/libDriversLPC17xxgnu.a(lpc17xx_pwm.o)
                0x0000ef04                PWM_ConfigMatch
 .text.PWM_ConfigCapture
                0x0000f100      0x1f8 /usr/local/pkg/lpc1700-cmsis-lite-2011.01.26-i686-1/lib/libDriversLPC17xxgnu.a(lpc17xx_pwm.o)
                0x0000f100                PWM_ConfigCapture
 .text.PWM_GetCaptureValue
                0x0000f2f8       0x6c /usr/local/pkg/lpc1700-cmsis-lite-2011.01.26-i686-1/lib/libDriversLPC17xxgnu.a(lpc17xx_pwm.o)
                0x0000f2f8                PWM_GetCaptureValue
 .text.PWM_MatchUpdate
                0x0000f364      0x108 /usr/local/pkg/lpc1700-cmsis-lite-2011.01.26-i686-1/lib/libDriversLPC17xxgnu.a(lpc17xx_pwm.o)
                0x0000f364                PWM_MatchUpdate
 .text.PWM_ChannelConfig
                0x0000f46c       0xd0 /usr/local/pkg/lpc1700-cmsis-lite-2011.01.26-i686-1/lib/libDriversLPC17xxgnu.a(lpc17xx_pwm.o)
                0x0000f46c                PWM_ChannelConfig
 .text.PWM_ChannelCmd
                0x0000f53c       0xbc /usr/local/pkg/lpc1700-cmsis-lite-2011.01.26-i686-1/lib/libDriversLPC17xxgnu.a(lpc17xx_pwm.o)
                0x0000f53c                PWM_ChannelCmd
 .text          0x0000f5f8        0x0 /usr/local/pkg/lpc1700-cmsis-lite-2011.01.26-i686-1/lib/libDriversLPC17xxgnu.a(lpc17xx_timer.o)
 .text.getPClock
                0x0000f5f8       0x60 /usr/local/pkg/lpc1700-cmsis-lite-2011.01.26-i686-1/lib/libDriversLPC17xxgnu.a(lpc17xx_timer.o)
 .text.converUSecToVal
                0x0000f658       0x64 /usr/local/pkg/lpc1700-cmsis-lite-2011.01.26-i686-1/lib/libDriversLPC17xxgnu.a(lpc17xx_timer.o)
 .text.converPtrToTimeNum
                0x0000f6bc       0x74 /usr/local/pkg/lpc1700-cmsis-lite-2011.01.26-i686-1/lib/libDriversLPC17xxgnu.a(lpc17xx_timer.o)
 .text.TIM_GetIntStatus
                0x0000f730       0xbc /usr/local/pkg/lpc1700-cmsis-lite-2011.01.26-i686-1/lib/libDriversLPC17xxgnu.a(lpc17xx_timer.o)
                0x0000f730                TIM_GetIntStatus
 .text.TIM_GetIntCaptureStatus
                0x0000f7ec       0xc0 /usr/local/pkg/lpc1700-cmsis-lite-2011.01.26-i686-1/lib/libDriversLPC17xxgnu.a(lpc17xx_timer.o)
                0x0000f7ec                TIM_GetIntCaptureStatus
 .text.TIM_ClearIntPending
                0x0000f8ac       0xa8 /usr/local/pkg/lpc1700-cmsis-lite-2011.01.26-i686-1/lib/libDriversLPC17xxgnu.a(lpc17xx_timer.o)
                0x0000f8ac                TIM_ClearIntPending
 .text.TIM_ClearIntCapturePending
                0x0000f954       0xac /usr/local/pkg/lpc1700-cmsis-lite-2011.01.26-i686-1/lib/libDriversLPC17xxgnu.a(lpc17xx_timer.o)
                0x0000f954                TIM_ClearIntCapturePending
 .text.TIM_ConfigStructInit
                0x0000fa00       0x40 /usr/local/pkg/lpc1700-cmsis-lite-2011.01.26-i686-1/lib/libDriversLPC17xxgnu.a(lpc17xx_timer.o)
                0x0000fa00                TIM_ConfigStructInit
 .text.TIM_Init
                0x0000fa40      0x1d8 /usr/local/pkg/lpc1700-cmsis-lite-2011.01.26-i686-1/lib/libDriversLPC17xxgnu.a(lpc17xx_timer.o)
                0x0000fa40                TIM_Init
 .text.TIM_DeInit
                0x0000fc18       0xd0 /usr/local/pkg/lpc1700-cmsis-lite-2011.01.26-i686-1/lib/libDriversLPC17xxgnu.a(lpc17xx_timer.o)
                0x0000fc18                TIM_DeInit
 .text.TIM_Cmd  0x0000fce8       0x7c /usr/local/pkg/lpc1700-cmsis-lite-2011.01.26-i686-1/lib/libDriversLPC17xxgnu.a(lpc17xx_timer.o)
                0x0000fce8                TIM_Cmd
 .text.TIM_ResetCounter
                0x0000fd64       0x70 /usr/local/pkg/lpc1700-cmsis-lite-2011.01.26-i686-1/lib/libDriversLPC17xxgnu.a(lpc17xx_timer.o)
                0x0000fd64                TIM_ResetCounter
 .text.TIM_ConfigMatch
                0x0000fdd4      0x1d0 /usr/local/pkg/lpc1700-cmsis-lite-2011.01.26-i686-1/lib/libDriversLPC17xxgnu.a(lpc17xx_timer.o)
                0x0000fdd4                TIM_ConfigMatch
 .text.TIM_UpdateMatchValue
                0x0000ffa4       0xa0 /usr/local/pkg/lpc1700-cmsis-lite-2011.01.26-i686-1/lib/libDriversLPC17xxgnu.a(lpc17xx_timer.o)
                0x0000ffa4                TIM_UpdateMatchValue
 .text.TIM_ConfigCapture
                0x00010044      0x110 /usr/local/pkg/lpc1700-cmsis-lite-2011.01.26-i686-1/lib/libDriversLPC17xxgnu.a(lpc17xx_timer.o)
                0x00010044                TIM_ConfigCapture
 .text.TIM_GetCaptureValue
                0x00010154       0x8c /usr/local/pkg/lpc1700-cmsis-lite-2011.01.26-i686-1/lib/libDriversLPC17xxgnu.a(lpc17xx_timer.o)
                0x00010154                TIM_GetCaptureValue
 .text          0x000101e0        0x0 /usr/local/pkg/lpc1700-cmsis-lite-2011.01.26-i686-1/lib/libDriversLPC17xxgnu.a(lpc17xx_uart.o)
 .text.uart_set_divisors
                0x000101e0      0x26c /usr/local/pkg/lpc1700-cmsis-lite-2011.01.26-i686-1/lib/libDriversLPC17xxgnu.a(lpc17xx_uart.o)
 .text.UART_Init
                0x0001044c      0x368 /usr/local/pkg/lpc1700-cmsis-lite-2011.01.26-i686-1/lib/libDriversLPC17xxgnu.a(lpc17xx_uart.o)
                0x0001044c                UART_Init
 .text.UART_DeInit
                0x000107b4       0xcc /usr/local/pkg/lpc1700-cmsis-lite-2011.01.26-i686-1/lib/libDriversLPC17xxgnu.a(lpc17xx_uart.o)
                0x000107b4                UART_DeInit
 .text.UART_ConfigStructInit
                0x00010880       0x34 /usr/local/pkg/lpc1700-cmsis-lite-2011.01.26-i686-1/lib/libDriversLPC17xxgnu.a(lpc17xx_uart.o)
                0x00010880                UART_ConfigStructInit
 .text.UART_SendByte
                0x000108b4       0x78 /usr/local/pkg/lpc1700-cmsis-lite-2011.01.26-i686-1/lib/libDriversLPC17xxgnu.a(lpc17xx_uart.o)
                0x000108b4                UART_SendByte
 .text.UART_ReceiveByte
                0x0001092c       0x78 /usr/local/pkg/lpc1700-cmsis-lite-2011.01.26-i686-1/lib/libDriversLPC17xxgnu.a(lpc17xx_uart.o)
                0x0001092c                UART_ReceiveByte
 .text.UART_Send
                0x000109a4      0x10c /usr/local/pkg/lpc1700-cmsis-lite-2011.01.26-i686-1/lib/libDriversLPC17xxgnu.a(lpc17xx_uart.o)
                0x000109a4                UART_Send
 .text.UART_Receive
                0x00010ab0       0xd8 /usr/local/pkg/lpc1700-cmsis-lite-2011.01.26-i686-1/lib/libDriversLPC17xxgnu.a(lpc17xx_uart.o)
                0x00010ab0                UART_Receive
 .text.UART_ForceBreak
                0x00010b88       0x88 /usr/local/pkg/lpc1700-cmsis-lite-2011.01.26-i686-1/lib/libDriversLPC17xxgnu.a(lpc17xx_uart.o)
                0x00010b88                UART_ForceBreak
 .text.UART_IntConfig
                0x00010c10      0x1d0 /usr/local/pkg/lpc1700-cmsis-lite-2011.01.26-i686-1/lib/libDriversLPC17xxgnu.a(lpc17xx_uart.o)
                0x00010c10                UART_IntConfig
 .text.UART_GetLineStatus
                0x00010de0       0x7c /usr/local/pkg/lpc1700-cmsis-lite-2011.01.26-i686-1/lib/libDriversLPC17xxgnu.a(lpc17xx_uart.o)
                0x00010de0                UART_GetLineStatus
 .text.UART_GetIntId
                0x00010e5c       0x68 /usr/local/pkg/lpc1700-cmsis-lite-2011.01.26-i686-1/lib/libDriversLPC17xxgnu.a(lpc17xx_uart.o)
                0x00010e5c                UART_GetIntId
 .text.UART_CheckBusy
                0x00010ec4       0x2c /usr/local/pkg/lpc1700-cmsis-lite-2011.01.26-i686-1/lib/libDriversLPC17xxgnu.a(lpc17xx_uart.o)
                0x00010ec4                UART_CheckBusy
 .text.UART_FIFOConfig
                0x00010ef0      0x184 /usr/local/pkg/lpc1700-cmsis-lite-2011.01.26-i686-1/lib/libDriversLPC17xxgnu.a(lpc17xx_uart.o)
                0x00010ef0                UART_FIFOConfig
 .text.UART_FIFOConfigStructInit
                0x00011074       0x34 /usr/local/pkg/lpc1700-cmsis-lite-2011.01.26-i686-1/lib/libDriversLPC17xxgnu.a(lpc17xx_uart.o)
                0x00011074                UART_FIFOConfigStructInit
 .text.UART_ABCmd
                0x000110a8      0x15c /usr/local/pkg/lpc1700-cmsis-lite-2011.01.26-i686-1/lib/libDriversLPC17xxgnu.a(lpc17xx_uart.o)
                0x000110a8                UART_ABCmd
 .text.UART_ABClearIntPending
                0x00011204       0x88 /usr/local/pkg/lpc1700-cmsis-lite-2011.01.26-i686-1/lib/libDriversLPC17xxgnu.a(lpc17xx_uart.o)
                0x00011204                UART_ABClearIntPending
 .text.UART_TxCmd
                0x0001128c       0xe8 /usr/local/pkg/lpc1700-cmsis-lite-2011.01.26-i686-1/lib/libDriversLPC17xxgnu.a(lpc17xx_uart.o)
                0x0001128c                UART_TxCmd
 .text.UART_IrDAInvtInputCmd
                0x00011374       0x84 /usr/local/pkg/lpc1700-cmsis-lite-2011.01.26-i686-1/lib/libDriversLPC17xxgnu.a(lpc17xx_uart.o)
                0x00011374                UART_IrDAInvtInputCmd
 .text.UART_IrDACmd
                0x000113f8       0x80 /usr/local/pkg/lpc1700-cmsis-lite-2011.01.26-i686-1/lib/libDriversLPC17xxgnu.a(lpc17xx_uart.o)
                0x000113f8                UART_IrDACmd
 .text.UART_IrDAPulseDivConfig
                0x00011478       0xac /usr/local/pkg/lpc1700-cmsis-lite-2011.01.26-i686-1/lib/libDriversLPC17xxgnu.a(lpc17xx_uart.o)
                0x00011478                UART_IrDAPulseDivConfig
 .text.UART_FullModemForcePinState
                0x00011524       0xcc /usr/local/pkg/lpc1700-cmsis-lite-2011.01.26-i686-1/lib/libDriversLPC17xxgnu.a(lpc17xx_uart.o)
                0x00011524                UART_FullModemForcePinState
 .text.UART_FullModemConfigMode
                0x000115f0       0xd8 /usr/local/pkg/lpc1700-cmsis-lite-2011.01.26-i686-1/lib/libDriversLPC17xxgnu.a(lpc17xx_uart.o)
                0x000115f0                UART_FullModemConfigMode
 .text.UART_FullModemGetStatus
                0x000116c8       0x38 /usr/local/pkg/lpc1700-cmsis-lite-2011.01.26-i686-1/lib/libDriversLPC17xxgnu.a(lpc17xx_uart.o)
                0x000116c8                UART_FullModemGetStatus
 .text.UART_RS485Config
                0x00011700      0x1bc /usr/local/pkg/lpc1700-cmsis-lite-2011.01.26-i686-1/lib/libDriversLPC17xxgnu.a(lpc17xx_uart.o)
                0x00011700                UART_RS485Config
 .text.UART_RS485ReceiverCmd
                0x000118bc       0x48 /usr/local/pkg/lpc1700-cmsis-lite-2011.01.26-i686-1/lib/libDriversLPC17xxgnu.a(lpc17xx_uart.o)
                0x000118bc                UART_RS485ReceiverCmd
 .text.UART_RS485Send
                0x00011904       0x84 /usr/local/pkg/lpc1700-cmsis-lite-2011.01.26-i686-1/lib/libDriversLPC17xxgnu.a(lpc17xx_uart.o)
                0x00011904                UART_RS485Send
 .text.UART_RS485SendSlvAddr
                0x00011988       0x28 /usr/local/pkg/lpc1700-cmsis-lite-2011.01.26-i686-1/lib/libDriversLPC17xxgnu.a(lpc17xx_uart.o)
                0x00011988                UART_RS485SendSlvAddr
 .text.UART_RS485SendData
                0x000119b0       0x28 /usr/local/pkg/lpc1700-cmsis-lite-2011.01.26-i686-1/lib/libDriversLPC17xxgnu.a(lpc17xx_uart.o)
                0x000119b0                UART_RS485SendData
 .text          0x000119d8        0x0 /opt/york/cs/net/sourcery-g++-lite-arm-eabi-2010.09.51-i686-1/bin/../lib/gcc/arm-none-eabi/4.5.1/thumb2/crtend.o
 .text          0x000119d8        0x0 /opt/york/cs/net/sourcery-g++-lite-arm-eabi-2010.09.51-i686-1/bin/../lib/gcc/arm-none-eabi/4.5.1/thumb2/crtn.o
 *(.plt)
 *(.gnu.warning)
 *(.glue_7t)
 .glue_7t       0x00000000        0x0 linker stubs
 *(.glue_7)
 .glue_7        0x00000000        0x0 linker stubs
 *(.vfp11_veneer)
 .vfp11_veneer  0x00000000        0x0 linker stubs
 *(.rodata .rodata.* .gnu.linkonce.r.*)
 .rodata.LOW_BOUND
                0x000119d8        0x4 myproject.o
                0x000119d8                LOW_BOUND
 .rodata.HIGH_BOUND
                0x000119dc        0x4 myproject.o
                0x000119dc                HIGH_BOUND
 .rodata.coneangle
                0x000119e0        0x4 myproject.o
                0x000119e0                coneangle
 .rodata        0x000119e4      0x110 myproject.o
 .rodata.SERVO_LOW_BOUND
                0x00011af4        0x4 mylpclib.o
                0x00011af4                SERVO_LOW_BOUND
 .rodata.SERVO_HIGH_BOUND
                0x00011af8        0x4 mylpclib.o
                0x00011af8                SERVO_HIGH_BOUND
 .rodata        0x00011afc      0x254 mylpclib.o
 .rodata.C.52.5298
                0x00011d50        0x4 mylpclib.o
 .rodata.C.54.5300
                0x00011d54        0x4 mylpclib.o
 .rodata.C.68.5398
                0x00011d58        0x4 mylpclib.o
 .rodata.C.79.5424
                0x00011d5c        0x4 mylpclib.o
 .rodata.C.86.5431
                0x00011d60        0xc mylpclib.o
 .rodata.C.90.5435
                0x00011d6c        0x4 mylpclib.o
 .rodata        0x00011d70       0x20 /usr/local/pkg/sourcery-g++-lite-arm-eabi-2010.09.51-i686-1/arm-none-eabi/lib/thumb2/libc.a(lib_a-svfprintf.o)
 .rodata.str1.4
                0x00011d90       0x42 /usr/local/pkg/sourcery-g++-lite-arm-eabi-2010.09.51-i686-1/arm-none-eabi/lib/thumb2/libc.a(lib_a-svfprintf.o)
                                 0x44 (size before relaxing)
 *fill*         0x00011dd2        0x2 00
 .rodata.str1.4
                0x00011dd4       0x10 /usr/local/pkg/sourcery-g++-lite-arm-eabi-2010.09.51-i686-1/arm-none-eabi/lib/thumb2/libc.a(lib_a-dtoa.o)
                                 0x14 (size before relaxing)
 .rodata        0x00011de4        0x4 /usr/local/pkg/sourcery-g++-lite-arm-eabi-2010.09.51-i686-1/arm-none-eabi/lib/thumb2/libc.a(lib_a-impure.o)
                0x00011de4                _global_impure_ptr
 .rodata.str1.4
                0x00011de8        0x2 /usr/local/pkg/sourcery-g++-lite-arm-eabi-2010.09.51-i686-1/arm-none-eabi/lib/thumb2/libc.a(lib_a-impure.o)
                                  0x4 (size before relaxing)
 *fill*         0x00011dea        0x2 00
 .rodata.str1.4
                0x00011dec        0xa /usr/local/pkg/sourcery-g++-lite-arm-eabi-2010.09.51-i686-1/arm-none-eabi/lib/thumb2/libc.a(lib_a-locale.o)
                                 0x14 (size before relaxing)
 *fill*         0x00011df6        0x2 00
 .rodata        0x00011df8      0x128 /usr/local/pkg/sourcery-g++-lite-arm-eabi-2010.09.51-i686-1/arm-none-eabi/lib/thumb2/libc.a(lib_a-mprec.o)
                0x00011e08                __mprec_tens
                0x00011ed0                __mprec_bigtens
                0x00011ef8                __mprec_tinytens
 .rodata        0x00011f20       0x20 /usr/local/pkg/sourcery-g++-lite-arm-eabi-2010.09.51-i686-1/arm-none-eabi/lib/thumb2/libc.a(lib_a-svfiprintf.o)
 .rodata.str1.4
                0x00000000       0x30 /usr/local/pkg/sourcery-g++-lite-arm-eabi-2010.09.51-i686-1/arm-none-eabi/lib/thumb2/libc.a(lib_a-svfiprintf.o)
 .rodata.str1.4
                0x00011f40        0x4 /usr/local/pkg/sourcery-g++-lite-arm-eabi-2010.09.51-i686-1/arm-none-eabi/lib/thumb2/libm.a(lib_a-w_pow.o)
 *fill*         0x00011f44        0x4 00
 .rodata        0x00011f48       0x30 /usr/local/pkg/sourcery-g++-lite-arm-eabi-2010.09.51-i686-1/arm-none-eabi/lib/thumb2/libm.a(lib_a-e_pow.o)
 .rodata.str1.4
                0x00000000        0x4 /usr/local/pkg/sourcery-g++-lite-arm-eabi-2010.09.51-i686-1/arm-none-eabi/lib/thumb2/libm.a(lib_a-e_pow.o)
 .rodata        0x00011f78       0x10 /usr/local/pkg/sourcery-g++-lite-arm-eabi-2010.09.51-i686-1/arm-none-eabi/lib/thumb2/libm.a(lib_a-s_rint.o)
 .rodata        0x00011f88       0x10 /usr/local/pkg/lpc1700-cmsis-lite-2011.01.26-i686-1/lib/libDriversLPC17xxgnu.a(lpc17xx_adc.o)
 .rodata        0x00011f98       0x10 /usr/local/pkg/lpc1700-cmsis-lite-2011.01.26-i686-1/lib/libDriversLPC17xxgnu.a(lpc17xx_dac.o)
 .rodata        0x00011fa8       0x10 /usr/local/pkg/lpc1700-cmsis-lite-2011.01.26-i686-1/lib/libDriversLPC17xxgnu.a(lpc17xx_i2c.o)
 .rodata        0x00011fb8       0x10 /usr/local/pkg/lpc1700-cmsis-lite-2011.01.26-i686-1/lib/libDriversLPC17xxgnu.a(lpc17xx_pwm.o)
 .rodata        0x00011fc8       0x10 /usr/local/pkg/lpc1700-cmsis-lite-2011.01.26-i686-1/lib/libDriversLPC17xxgnu.a(lpc17xx_timer.o)
 .rodata        0x00011fd8       0x10 /usr/local/pkg/lpc1700-cmsis-lite-2011.01.26-i686-1/lib/libDriversLPC17xxgnu.a(lpc17xx_uart.o)
 *(.ARM.extab* .gnu.linkonce.armextab.*)
 .ARM.extab.cs3.reset
                0x00011fe8        0x0 /usr/local/pkg/lpc1700-cmsis-lite-2011.01.26-i686-1/lib/startup_LPC17xx.o
 .ARM.extab     0x00011fe8        0x0 /opt/york/cs/net/sourcery-g++-lite-arm-eabi-2010.09.51-i686-1/bin/../lib/gcc/arm-none-eabi/4.5.1/thumb2/libgcc.a(_divdi3.o)
 .ARM.extab     0x00011fe8        0x0 /opt/york/cs/net/sourcery-g++-lite-arm-eabi-2010.09.51-i686-1/bin/../lib/gcc/arm-none-eabi/4.5.1/thumb2/libgcc.a(_udivdi3.o)
 *(.gcc_except_table)
 *(.eh_frame_hdr)
 *(.eh_frame)
                0x00011fe8                . = ALIGN (0x4)
 *(.init)
 .init          0x00011fe8        0x4 /opt/york/cs/net/sourcery-g++-lite-arm-eabi-2010.09.51-i686-1/bin/../lib/gcc/arm-none-eabi/4.5.1/thumb2/crti.o
                0x00011fe8                _init
 .init          0x00011fec        0x8 /opt/york/cs/net/sourcery-g++-lite-arm-eabi-2010.09.51-i686-1/bin/../lib/gcc/arm-none-eabi/4.5.1/thumb2/crtn.o
                0x00011ff4                . = ALIGN (0x4)
                0x00011ff4                __preinit_array_start = .
 *(.preinit_array)
                0x00011ff4                __preinit_array_end = .
                0x00011ff4                . = ALIGN (0x4)
                0x00011ff4                __init_array_start = .
 *(SORT(.init_array.*))
 *(.init_array)
 .init_array    0x00011ff4        0x4 /opt/york/cs/net/sourcery-g++-lite-arm-eabi-2010.09.51-i686-1/bin/../lib/gcc/arm-none-eabi/4.5.1/thumb2/crtbegin.o
                0x00011ff8                __init_array_end = .
                0x00011ff8                . = ALIGN (0x4)
 *crtbegin.o(.ctors)
 *(EXCLUDE_FILE(*crtend.o) .ctors)
 *(SORT(.ctors.*))
 *crtend.o(.ctors)
                0x00011ff8                . = ALIGN (0x4)
 *(.fini)
 .fini          0x00011ff8        0x4 /opt/york/cs/net/sourcery-g++-lite-arm-eabi-2010.09.51-i686-1/bin/../lib/gcc/arm-none-eabi/4.5.1/thumb2/crti.o
                0x00011ff8                _fini
 .fini          0x00011ffc        0x8 /opt/york/cs/net/sourcery-g++-lite-arm-eabi-2010.09.51-i686-1/bin/../lib/gcc/arm-none-eabi/4.5.1/thumb2/crtn.o
                0x00012004                . = ALIGN (0x4)
                0x00012004                __fini_array_start = .
 *(.fini_array)
 .fini_array    0x00012004        0x4 /opt/york/cs/net/sourcery-g++-lite-arm-eabi-2010.09.51-i686-1/bin/../lib/gcc/arm-none-eabi/4.5.1/thumb2/crtbegin.o
 *(SORT(.fini_array.*))
                0x00012008                __fini_array_end = .
 *crtbegin.o(.dtors)
 *(EXCLUDE_FILE(*crtend.o) .dtors)
 *(SORT(.dtors.*))
 *crtend.o(.dtors)
                0x00012008                . = ALIGN (0x4)
                0x00012008                __cs3_regions = .
                0x00012008        0x4 LONG 0x0
                0x0001200c        0x4 LONG 0x12028 __cs3_region_init_ram
                0x00012010        0x4 LONG 0x10000000 __cs3_region_start_ram
                0x00012014        0x4 LONG 0x6d0 __cs3_region_init_size_ram
                0x00012018        0x4 LONG 0x438 __cs3_region_zero_size_ram
                0x0001201c                __exidx_start = .

.v4_bx          0x0001201c        0x0
 .v4_bx         0x00000000        0x0 linker stubs

.ARM.exidx      0x0001201c        0x8
 *(.ARM.exidx* .gnu.linkonce.armexidx.*)
 .ARM.exidx.cs3.reset
                0x0001201c        0x8 /usr/local/pkg/lpc1700-cmsis-lite-2011.01.26-i686-1/lib/startup_LPC17xx.o
 .ARM.exidx     0x00012024        0x0 /opt/york/cs/net/sourcery-g++-lite-arm-eabi-2010.09.51-i686-1/bin/../lib/gcc/arm-none-eabi/4.5.1/thumb2/libgcc.a(_divdi3.o)
                                  0x8 (size before relaxing)
 .ARM.exidx     0x00012024        0x0 /opt/york/cs/net/sourcery-g++-lite-arm-eabi-2010.09.51-i686-1/bin/../lib/gcc/arm-none-eabi/4.5.1/thumb2/libgcc.a(_udivdi3.o)
                                  0x8 (size before relaxing)
                0x00012024                __exidx_end = .

.text.align     0x00012024        0x4
                0x00012028                . = ALIGN (0x8)
 *fill*         0x00012024        0x4 00
                0x00012028                _etext = .
                0x00080000                __cs3_region_size_rom = 0x80000
                0x00000001                __cs3_region_num = 0x1

.data           0x10000000      0x6d0 load address 0x00012028
                0x10000000                __cs3_region_start_ram = .
 *(.cs3.region-head.ram)
 *(.jcr)
 .jcr           0x10000000        0x0 /opt/york/cs/net/sourcery-g++-lite-arm-eabi-2010.09.51-i686-1/bin/../lib/gcc/arm-none-eabi/4.5.1/thumb2/crtbegin.o
 .jcr           0x10000000        0x4 /opt/york/cs/net/sourcery-g++-lite-arm-eabi-2010.09.51-i686-1/bin/../lib/gcc/arm-none-eabi/4.5.1/thumb2/crtend.o
 *(.got.plt)
 *(.got)
 *(.shdata)
 *(.data .data.* .gnu.linkonce.d.*)
 .data          0x10000004        0x0 /opt/york/cs/net/sourcery-g++-lite-arm-eabi-2010.09.51-i686-1/bin/../lib/gcc/arm-none-eabi/4.5.1/thumb2/crti.o
 .data          0x10000004        0x4 /opt/york/cs/net/sourcery-g++-lite-arm-eabi-2010.09.51-i686-1/bin/../lib/gcc/arm-none-eabi/4.5.1/thumb2/crtbegin.o
                0x10000004                __dso_handle
 .data          0x10000008        0x0 myproject.o
 .data.speed    0x10000008        0x4 myproject.o
                0x10000008                speed
 .data.servo_delay
                0x1000000c        0x4 myproject.o
                0x1000000c                servo_delay
 .data.debugPrintInt
                0x10000010        0x4 myproject.o
                0x10000010                debugPrintInt
 .data          0x10000014        0x0 mylpclib.o
 .data.LCDADDR  0x10000014        0x4 mylpclib.o
 .data.KEYADDR  0x10000018        0x4 mylpclib.o
 .data.currline
                0x1000001c        0x4 mylpclib.o
                0x1000001c                currline
 .data.strPtr   0x10000020        0x4 mylpclib.o
                0x10000020                strPtr
 *fill*         0x10000024        0x4 00
 .data.ir_multiplier_cal
                0x10000028        0x8 mylpclib.o
                0x10000028                ir_multiplier_cal
 .data.sweepspeed
                0x10000030        0x1 mylpclib.o
                0x10000030                sweepspeed
 .data.samplespersweep
                0x10000031        0x1 mylpclib.o
                0x10000031                samplespersweep
 *fill*         0x10000032        0x2 00
 .data.sweepstoppos
                0x10000034        0x4 mylpclib.o
                0x10000034                sweepstoppos
 .data.generalusetext
                0x10000038       0x20 mylpclib.o
 .data.functionusetext
                0x10000058       0x2c mylpclib.o
 .data.parameterusetext
                0x10000084       0x20 mylpclib.o
 .data.KEYPAD   0x100000a4       0x10 mylpclib.o
 .data.CHARSET  0x100000b4       0x44 mylpclib.o
 .data.CHARVALS
                0x100000f8       0x44 mylpclib.o
 .data          0x1000013c        0x0 /usr/local/pkg/lpc1700-cmsis-lite-2011.01.26-i686-1/lib/core_cm3.o
 .data          0x1000013c        0x0 /usr/local/pkg/lpc1700-cmsis-lite-2011.01.26-i686-1/lib/system_LPC17xx.o
 .data.SystemCoreClock
                0x1000013c        0x4 /usr/local/pkg/lpc1700-cmsis-lite-2011.01.26-i686-1/lib/system_LPC17xx.o
                0x1000013c                SystemCoreClock
 .data          0x10000140        0x0 /usr/local/pkg/lpc1700-cmsis-lite-2011.01.26-i686-1/lib/startup_LPC17xx.o
 .data          0x10000140        0x0 /usr/local/pkg/sourcery-g++-lite-arm-eabi-2010.09.51-i686-1/arm-none-eabi/lib/thumb2/libc.a(lib_a-memset.o)
 .data          0x10000140        0x0 /usr/local/pkg/sourcery-g++-lite-arm-eabi-2010.09.51-i686-1/arm-none-eabi/lib/thumb2/libc.a(lib_a-qsort.o)
 .data          0x10000140        0x0 /usr/local/pkg/sourcery-g++-lite-arm-eabi-2010.09.51-i686-1/arm-none-eabi/lib/thumb2/libc.a(lib_a-sprintf.o)
 .data          0x10000140        0x0 /usr/local/pkg/sourcery-g++-lite-arm-eabi-2010.09.51-i686-1/arm-none-eabi/lib/thumb2/libc.a(lib_a-strlen.o)
 .data          0x10000140        0x0 /usr/local/pkg/sourcery-g++-lite-arm-eabi-2010.09.51-i686-1/arm-none-eabi/lib/thumb2/libc.a(lib_a-svfprintf.o)
 .data          0x10000140        0x0 /usr/local/pkg/sourcery-g++-lite-arm-eabi-2010.09.51-i686-1/arm-none-eabi/lib/thumb2/libc.a(lib_a-dtoa.o)
 .data          0x10000140       0xf4 /usr/local/pkg/sourcery-g++-lite-arm-eabi-2010.09.51-i686-1/arm-none-eabi/lib/thumb2/libc.a(lib_a-impure.o)
                0x10000140                _impure_ptr
 .data          0x10000234       0x7c /usr/local/pkg/sourcery-g++-lite-arm-eabi-2010.09.51-i686-1/arm-none-eabi/lib/thumb2/libc.a(lib_a-locale.o)
                0x10000254                __mb_cur_max
 .data          0x100002b0        0x0 /usr/local/pkg/sourcery-g++-lite-arm-eabi-2010.09.51-i686-1/arm-none-eabi/lib/thumb2/libc.a(lib_a-malloc.o)
 .data          0x100002b0      0x410 /usr/local/pkg/sourcery-g++-lite-arm-eabi-2010.09.51-i686-1/arm-none-eabi/lib/thumb2/libc.a(lib_a-mallocr.o)
                0x100002b0                __malloc_av_
                0x100006b8                __malloc_sbrk_base
                0x100006bc                __malloc_trim_threshold
 .data          0x100006c0        0x0 /usr/local/pkg/sourcery-g++-lite-arm-eabi-2010.09.51-i686-1/arm-none-eabi/lib/thumb2/libc.a(lib_a-memchr.o)
 .data          0x100006c0        0x0 /usr/local/pkg/sourcery-g++-lite-arm-eabi-2010.09.51-i686-1/arm-none-eabi/lib/thumb2/libc.a(lib_a-memcpy.o)
 .data          0x100006c0        0x0 /usr/local/pkg/sourcery-g++-lite-arm-eabi-2010.09.51-i686-1/arm-none-eabi/lib/thumb2/libc.a(lib_a-mlock.o)
 .data          0x100006c0        0x0 /usr/local/pkg/sourcery-g++-lite-arm-eabi-2010.09.51-i686-1/arm-none-eabi/lib/thumb2/libc.a(lib_a-mprec.o)
 .data          0x100006c0        0x0 /usr/local/pkg/sourcery-g++-lite-arm-eabi-2010.09.51-i686-1/arm-none-eabi/lib/thumb2/libc.a(lib_a-s_fpclassify.o)
 .data          0x100006c0        0x0 /usr/local/pkg/sourcery-g++-lite-arm-eabi-2010.09.51-i686-1/arm-none-eabi/lib/thumb2/libc.a(lib_a-sbrkr.o)
 .data          0x100006c0        0x0 /usr/local/pkg/sourcery-g++-lite-arm-eabi-2010.09.51-i686-1/arm-none-eabi/lib/thumb2/libc.a(lib_a-strcmp.o)
 .data          0x100006c0        0x0 /usr/local/pkg/sourcery-g++-lite-arm-eabi-2010.09.51-i686-1/arm-none-eabi/lib/thumb2/libc.a(lib_a-svfiprintf.o)
 .data          0x100006c0        0x0 /usr/local/pkg/sourcery-g++-lite-arm-eabi-2010.09.51-i686-1/arm-none-eabi/lib/thumb2/libc.a(lib_a-callocr.o)
 .data          0x100006c0        0x0 /usr/local/pkg/sourcery-g++-lite-arm-eabi-2010.09.51-i686-1/arm-none-eabi/lib/thumb2/libc.a(lib_a-freer.o)
 .data          0x100006c0        0x0 /usr/local/pkg/sourcery-g++-lite-arm-eabi-2010.09.51-i686-1/arm-none-eabi/lib/thumb2/libc.a(lib_a-memmove.o)
 .data          0x100006c0        0x0 /usr/local/pkg/sourcery-g++-lite-arm-eabi-2010.09.51-i686-1/arm-none-eabi/lib/thumb2/libc.a(lib_a-reallocr.o)
 .data          0x100006c0        0x0 /usr/local/pkg/sourcery-g++-lite-arm-eabi-2010.09.51-i686-1/arm-none-eabi/lib/thumb2/libc.a(lib_a-reent.o)
 .data          0x100006c0        0x0 /opt/york/cs/net/sourcery-g++-lite-arm-eabi-2010.09.51-i686-1/bin/../lib/gcc/arm-none-eabi/4.5.1/thumb2/libgcc.a(_udivsi3.o)
 .data          0x100006c0        0x0 /opt/york/cs/net/sourcery-g++-lite-arm-eabi-2010.09.51-i686-1/bin/../lib/gcc/arm-none-eabi/4.5.1/thumb2/libgcc.a(_dvmd_tls.o)
 .data          0x100006c0        0x0 /opt/york/cs/net/sourcery-g++-lite-arm-eabi-2010.09.51-i686-1/bin/../lib/gcc/arm-none-eabi/4.5.1/thumb2/libgcc.a(_arm_addsubdf3.o)
 .data          0x100006c0        0x0 /opt/york/cs/net/sourcery-g++-lite-arm-eabi-2010.09.51-i686-1/bin/../lib/gcc/arm-none-eabi/4.5.1/thumb2/libgcc.a(_arm_muldivdf3.o)
 .data          0x100006c0        0x0 /opt/york/cs/net/sourcery-g++-lite-arm-eabi-2010.09.51-i686-1/bin/../lib/gcc/arm-none-eabi/4.5.1/thumb2/libgcc.a(_arm_cmpdf2.o)
 .data          0x100006c0        0x0 /opt/york/cs/net/sourcery-g++-lite-arm-eabi-2010.09.51-i686-1/bin/../lib/gcc/arm-none-eabi/4.5.1/thumb2/libgcc.a(_arm_fixdfsi.o)
 .data          0x100006c0        0x0 /opt/york/cs/net/sourcery-g++-lite-arm-eabi-2010.09.51-i686-1/bin/../lib/gcc/arm-none-eabi/4.5.1/thumb2/libgcc.a(_arm_truncdfsf2.o)
 .data          0x100006c0        0x0 /opt/york/cs/net/sourcery-g++-lite-arm-eabi-2010.09.51-i686-1/bin/../lib/gcc/arm-none-eabi/4.5.1/thumb2/libgcc.a(_arm_addsubsf3.o)
 .data          0x100006c0        0x0 /opt/york/cs/net/sourcery-g++-lite-arm-eabi-2010.09.51-i686-1/bin/../lib/gcc/arm-none-eabi/4.5.1/thumb2/libgcc.a(_arm_muldivsf3.o)
 .data          0x100006c0        0x0 /opt/york/cs/net/sourcery-g++-lite-arm-eabi-2010.09.51-i686-1/bin/../lib/gcc/arm-none-eabi/4.5.1/thumb2/libgcc.a(_arm_cmpsf2.o)
 .data          0x100006c0        0x0 /opt/york/cs/net/sourcery-g++-lite-arm-eabi-2010.09.51-i686-1/bin/../lib/gcc/arm-none-eabi/4.5.1/thumb2/libgcc.a(_arm_fixsfsi.o)
 .data          0x100006c0        0x0 /opt/york/cs/net/sourcery-g++-lite-arm-eabi-2010.09.51-i686-1/bin/../lib/gcc/arm-none-eabi/4.5.1/thumb2/libgcc.a(_arm_fixunssfsi.o)
 .data          0x100006c0        0x0 /opt/york/cs/net/sourcery-g++-lite-arm-eabi-2010.09.51-i686-1/bin/../lib/gcc/arm-none-eabi/4.5.1/thumb2/libgcc.a(_aeabi_uldivmod.o)
 .data          0x100006c0        0x0 /opt/york/cs/net/sourcery-g++-lite-arm-eabi-2010.09.51-i686-1/bin/../lib/gcc/arm-none-eabi/4.5.1/thumb2/libgcc.a(bpabi.o)
 .data          0x100006c0        0x0 /opt/york/cs/net/sourcery-g++-lite-arm-eabi-2010.09.51-i686-1/bin/../lib/gcc/arm-none-eabi/4.5.1/thumb2/libgcc.a(_divdi3.o)
 .data          0x100006c0        0x0 /opt/york/cs/net/sourcery-g++-lite-arm-eabi-2010.09.51-i686-1/bin/../lib/gcc/arm-none-eabi/4.5.1/thumb2/libgcc.a(_udivdi3.o)
 .data          0x100006c0        0x0 /usr/local/pkg/sourcery-g++-lite-arm-eabi-2010.09.51-i686-1/arm-none-eabi/lib/thumb2/libm.a(lib_a-s_round.o)
 .data          0x100006c0        0x0 /usr/local/pkg/sourcery-g++-lite-arm-eabi-2010.09.51-i686-1/arm-none-eabi/lib/thumb2/libm.a(lib_a-sf_round.o)
 .data          0x100006c0        0x0 /usr/local/pkg/sourcery-g++-lite-arm-eabi-2010.09.51-i686-1/arm-none-eabi/lib/thumb2/libm.a(lib_a-w_pow.o)
 .data          0x100006c0        0x0 /usr/local/pkg/sourcery-g++-lite-arm-eabi-2010.09.51-i686-1/arm-none-eabi/lib/thumb2/libm.a(lib_a-e_pow.o)
 .data          0x100006c0        0x0 /usr/local/pkg/sourcery-g++-lite-arm-eabi-2010.09.51-i686-1/arm-none-eabi/lib/thumb2/libm.a(lib_a-e_sqrt.o)
 .data          0x100006c0        0x0 /usr/local/pkg/sourcery-g++-lite-arm-eabi-2010.09.51-i686-1/arm-none-eabi/lib/thumb2/libm.a(lib_a-s_fabs.o)
 .data          0x100006c0        0x0 /usr/local/pkg/sourcery-g++-lite-arm-eabi-2010.09.51-i686-1/arm-none-eabi/lib/thumb2/libm.a(lib_a-s_finite.o)
 .data          0x100006c0        0x1 /usr/local/pkg/sourcery-g++-lite-arm-eabi-2010.09.51-i686-1/arm-none-eabi/lib/thumb2/libm.a(lib_a-s_lib_ver.o)
                0x100006c0                __fdlib_version
 .data          0x100006c1        0x0 /usr/local/pkg/sourcery-g++-lite-arm-eabi-2010.09.51-i686-1/arm-none-eabi/lib/thumb2/libm.a(lib_a-s_matherr.o)
 .data          0x100006c1        0x0 /usr/local/pkg/sourcery-g++-lite-arm-eabi-2010.09.51-i686-1/arm-none-eabi/lib/thumb2/libm.a(lib_a-s_nan.o)
 .data          0x100006c1        0x0 /usr/local/pkg/sourcery-g++-lite-arm-eabi-2010.09.51-i686-1/arm-none-eabi/lib/thumb2/libm.a(lib_a-s_rint.o)
 .data          0x100006c1        0x0 /usr/local/pkg/sourcery-g++-lite-arm-eabi-2010.09.51-i686-1/arm-none-eabi/lib/thumb2/libm.a(lib_a-s_scalbn.o)
 .data          0x100006c1        0x0 /usr/local/pkg/sourcery-g++-lite-arm-eabi-2010.09.51-i686-1/arm-none-eabi/lib/thumb2/libm.a(lib_a-s_copysign.o)
 .data          0x100006c1        0x0 /usr/local/pkg/sourcery-g++-lite-arm-eabi-2010.09.51-i686-1/arm-none-eabi/lib/thumb2/libc.a(lib_a-errno.o)
 .data          0x100006c1        0x0 /usr/local/pkg/sourcery-g++-lite-arm-eabi-2010.09.51-i686-1/arm-none-eabi/lib/thumb2/libcs3.a(start_c.o)
 *fill*         0x100006c1        0x3 00
 .data          0x100006c4        0x4 /usr/local/pkg/sourcery-g++-lite-arm-eabi-2010.09.51-i686-1/arm-none-eabi/lib/thumb2/libcs3unhosted.a(unhosted-sbrk.o)
 .data          0x100006c8        0x0 /usr/local/pkg/sourcery-g++-lite-arm-eabi-2010.09.51-i686-1/arm-none-eabi/lib/thumb2/libcs3unhosted.a(unhosted-start.o)
 .data          0x100006c8        0x0 /usr/local/pkg/sourcery-g++-lite-arm-eabi-2010.09.51-i686-1/arm-none-eabi/lib/thumb2/libc.a(lib_a-init.o)
 .data          0x100006c8        0x4 /usr/local/pkg/sourcery-g++-lite-arm-eabi-2010.09.51-i686-1/arm-none-eabi/lib/thumb2/libcs3.a(heap.o)
                0x100006c8                __cs3_heap_limit
 .data          0x100006cc        0x0 /usr/local/pkg/lpc1700-cmsis-lite-2011.01.26-i686-1/lib/libDriversLPC17xxgnu.a(lpc17xx_adc.o)
 .data          0x100006cc        0x0 /usr/local/pkg/lpc1700-cmsis-lite-2011.01.26-i686-1/lib/libDriversLPC17xxgnu.a(lpc17xx_clkpwr.o)
 .data          0x100006cc        0x0 /usr/local/pkg/lpc1700-cmsis-lite-2011.01.26-i686-1/lib/libDriversLPC17xxgnu.a(lpc17xx_dac.o)
 .data          0x100006cc        0x0 /usr/local/pkg/lpc1700-cmsis-lite-2011.01.26-i686-1/lib/libDriversLPC17xxgnu.a(lpc17xx_gpio.o)
 .data          0x100006cc        0x0 /usr/local/pkg/lpc1700-cmsis-lite-2011.01.26-i686-1/lib/libDriversLPC17xxgnu.a(lpc17xx_i2c.o)
 .data          0x100006cc        0x0 /usr/local/pkg/lpc1700-cmsis-lite-2011.01.26-i686-1/lib/libDriversLPC17xxgnu.a(lpc17xx_libcfg_default.o)
 .data          0x100006cc        0x0 /usr/local/pkg/lpc1700-cmsis-lite-2011.01.26-i686-1/lib/libDriversLPC17xxgnu.a(lpc17xx_pinsel.o)
 .data          0x100006cc        0x0 /usr/local/pkg/lpc1700-cmsis-lite-2011.01.26-i686-1/lib/libDriversLPC17xxgnu.a(lpc17xx_pwm.o)
 .data          0x100006cc        0x0 /usr/local/pkg/lpc1700-cmsis-lite-2011.01.26-i686-1/lib/libDriversLPC17xxgnu.a(lpc17xx_timer.o)
 .data          0x100006cc        0x0 /usr/local/pkg/lpc1700-cmsis-lite-2011.01.26-i686-1/lib/libDriversLPC17xxgnu.a(lpc17xx_uart.o)
 .data          0x100006cc        0x0 /opt/york/cs/net/sourcery-g++-lite-arm-eabi-2010.09.51-i686-1/bin/../lib/gcc/arm-none-eabi/4.5.1/thumb2/crtend.o
 .data          0x100006cc        0x0 /opt/york/cs/net/sourcery-g++-lite-arm-eabi-2010.09.51-i686-1/bin/../lib/gcc/arm-none-eabi/4.5.1/thumb2/crtn.o
 *(.ram)
                0x100006d0                . = ALIGN (0x8)
 *fill*         0x100006cc        0x4 00
                0x100006d0                _edata = .

.bss            0x100006d0      0x438 load address 0x000126f8
 *(.shbss)
 *(.bss .bss.* .gnu.linkonce.b.*)
 .bss           0x100006d0        0x0 /opt/york/cs/net/sourcery-g++-lite-arm-eabi-2010.09.51-i686-1/bin/../lib/gcc/arm-none-eabi/4.5.1/thumb2/crti.o
 .bss           0x100006d0        0x1 /opt/york/cs/net/sourcery-g++-lite-arm-eabi-2010.09.51-i686-1/bin/../lib/gcc/arm-none-eabi/4.5.1/thumb2/crtbegin.o
 .bss           0x100006d1        0x0 myproject.o
 *fill*         0x100006d1        0x3 00
 .bss.my_servo_position
                0x100006d4        0x4 myproject.o
                0x100006d4                my_servo_position
 .bss.timerstart
                0x100006d8        0x4 myproject.o
                0x100006d8                timerstart
 .bss           0x100006dc        0x0 mylpclib.o
 .bss.numChars  0x100006dc        0x4 mylpclib.o
                0x100006dc                numChars
 .bss.msg       0x100006e0       0x20 mylpclib.o
                0x100006e0                msg
 .bss.userposition
                0x10000700        0x4 mylpclib.o
                0x10000700                userposition
 .bss.whichSensor
                0x10000704        0x4 mylpclib.o
                0x10000704                whichSensor
 .bss.us_multiplier_cal
                0x10000708        0x8 mylpclib.o
                0x10000708                us_multiplier_cal
 .bss.servo_position
                0x10000710        0x4 mylpclib.o
                0x10000710                servo_position
 .bss.tim0_flag
                0x10000714        0x4 mylpclib.o
                0x10000714                tim0_flag
 .bss.upflag    0x10000718        0x4 mylpclib.o
                0x10000718                upflag
 .bss.risVal    0x1000071c        0x4 mylpclib.o
                0x1000071c                risVal
 .bss.ultradist
                0x10000720        0x4 mylpclib.o
                0x10000720                ultradist
 *fill*         0x10000724        0x4 00
 .bss.currentIr
                0x10000728        0x8 mylpclib.o
                0x10000728                currentIr
 .bss.currentUs
                0x10000730        0x8 mylpclib.o
                0x10000730                currentUs
 .bss.currentRawIr
                0x10000738        0x8 mylpclib.o
                0x10000738                currentRawIr
 .bss.currentRawUr
                0x10000740        0x8 mylpclib.o
                0x10000740                currentRawUr
 .bss.averageDistance
                0x10000748        0x8 mylpclib.o
                0x10000748                averageDistance
 .bss.sweepstartpos
                0x10000750        0x4 mylpclib.o
                0x10000750                sweepstartpos
 .bss           0x10000754        0x0 /usr/local/pkg/lpc1700-cmsis-lite-2011.01.26-i686-1/lib/core_cm3.o
 .bss           0x10000754        0x0 /usr/local/pkg/lpc1700-cmsis-lite-2011.01.26-i686-1/lib/system_LPC17xx.o
 .bss           0x10000754        0x0 /usr/local/pkg/lpc1700-cmsis-lite-2011.01.26-i686-1/lib/startup_LPC17xx.o
 .bss           0x10000754        0x0 /usr/local/pkg/sourcery-g++-lite-arm-eabi-2010.09.51-i686-1/arm-none-eabi/lib/thumb2/libc.a(lib_a-memset.o)
 .bss           0x10000754        0x0 /usr/local/pkg/sourcery-g++-lite-arm-eabi-2010.09.51-i686-1/arm-none-eabi/lib/thumb2/libc.a(lib_a-qsort.o)
 .bss           0x10000754        0x0 /usr/local/pkg/sourcery-g++-lite-arm-eabi-2010.09.51-i686-1/arm-none-eabi/lib/thumb2/libc.a(lib_a-sprintf.o)
 .bss           0x10000754        0x0 /usr/local/pkg/sourcery-g++-lite-arm-eabi-2010.09.51-i686-1/arm-none-eabi/lib/thumb2/libc.a(lib_a-strlen.o)
 .bss           0x10000754        0x0 /usr/local/pkg/sourcery-g++-lite-arm-eabi-2010.09.51-i686-1/arm-none-eabi/lib/thumb2/libc.a(lib_a-svfprintf.o)
 .bss           0x10000754        0x0 /usr/local/pkg/sourcery-g++-lite-arm-eabi-2010.09.51-i686-1/arm-none-eabi/lib/thumb2/libc.a(lib_a-dtoa.o)
 .bss           0x10000754        0x0 /usr/local/pkg/sourcery-g++-lite-arm-eabi-2010.09.51-i686-1/arm-none-eabi/lib/thumb2/libc.a(lib_a-impure.o)
 .bss           0x10000754        0xc /usr/local/pkg/sourcery-g++-lite-arm-eabi-2010.09.51-i686-1/arm-none-eabi/lib/thumb2/libc.a(lib_a-locale.o)
                0x10000754                __nlocale_changed
                0x10000758                __mlocale_changed
                0x1000075c                _PathLocale
 .bss           0x10000760        0x0 /usr/local/pkg/sourcery-g++-lite-arm-eabi-2010.09.51-i686-1/arm-none-eabi/lib/thumb2/libc.a(lib_a-malloc.o)
 .bss           0x10000760       0x34 /usr/local/pkg/sourcery-g++-lite-arm-eabi-2010.09.51-i686-1/arm-none-eabi/lib/thumb2/libc.a(lib_a-mallocr.o)
                0x10000760                __malloc_top_pad
                0x10000764                __malloc_current_mallinfo
                0x1000078c                __malloc_max_sbrked_mem
                0x10000790                __malloc_max_total_mem
 .bss           0x10000794        0x0 /usr/local/pkg/sourcery-g++-lite-arm-eabi-2010.09.51-i686-1/arm-none-eabi/lib/thumb2/libc.a(lib_a-memchr.o)
 .bss           0x10000794        0x0 /usr/local/pkg/sourcery-g++-lite-arm-eabi-2010.09.51-i686-1/arm-none-eabi/lib/thumb2/libc.a(lib_a-memcpy.o)
 .bss           0x10000794        0x0 /usr/local/pkg/sourcery-g++-lite-arm-eabi-2010.09.51-i686-1/arm-none-eabi/lib/thumb2/libc.a(lib_a-mlock.o)
 .bss           0x10000794        0x0 /usr/local/pkg/sourcery-g++-lite-arm-eabi-2010.09.51-i686-1/arm-none-eabi/lib/thumb2/libc.a(lib_a-mprec.o)
 .bss           0x10000794        0x0 /usr/local/pkg/sourcery-g++-lite-arm-eabi-2010.09.51-i686-1/arm-none-eabi/lib/thumb2/libc.a(lib_a-s_fpclassify.o)
 .bss           0x10000794        0x0 /usr/local/pkg/sourcery-g++-lite-arm-eabi-2010.09.51-i686-1/arm-none-eabi/lib/thumb2/libc.a(lib_a-sbrkr.o)
 .bss           0x10000794        0x0 /usr/local/pkg/sourcery-g++-lite-arm-eabi-2010.09.51-i686-1/arm-none-eabi/lib/thumb2/libc.a(lib_a-strcmp.o)
 .bss           0x10000794        0x0 /usr/local/pkg/sourcery-g++-lite-arm-eabi-2010.09.51-i686-1/arm-none-eabi/lib/thumb2/libc.a(lib_a-svfiprintf.o)
 .bss           0x10000794        0x0 /usr/local/pkg/sourcery-g++-lite-arm-eabi-2010.09.51-i686-1/arm-none-eabi/lib/thumb2/libc.a(lib_a-callocr.o)